interactions:
- request:
    body: login=flexget_flexget&password=flexget_flexget&rememberMe=True
    headers:
      Accept:
      - '*/*'
      Accept-Encoding:
      - gzip, deflate, br
      Connection:
      - keep-alive
      Content-Length:
      - '62'
      Content-Type:
      - application/x-www-form-urlencoded
      User-Agent:
      - python-requests/2.32.3
      X-Plex-Client-Identifier:
      - '0xe04cb4ea03'
      X-Plex-Device:
      - Windows
      X-Plex-Device-Name:
      - Champ
      X-Plex-Features:
      - external-media
      X-Plex-Language:
      - en
      X-Plex-Platform:
      - Windows
      X-Plex-Platform-Version:
      - '10'
      X-Plex-Product:
      - PlexAPI
      X-Plex-Provides:
      - controller
      X-Plex-Sync-Version:
      - '2'
      X-Plex-Version:
      - 4.15.16
    method: POST
    uri: https://plex.tv/api/v2/users/signin
  response:
    body:
      string: "<?xml version=\"1.0\" encoding=\"UTF-8\"?>\n<user id=\"187797645\"
        uuid=\"d0df38378404ccb3\" username=\"flexget_flexget\" title=\"flexget_flexget\"
        email=\"polka_gill0i@icloud.com\" friendlyName=\"\" locale=\"\" confirmed=\"0\"
        joinedAt=\"1670500095\" emailOnlyAuth=\"0\" hasPassword=\"1\" protected=\"0\"
        thumb=\"https://plex.tv/users/d0df38378404ccb3/avatar?c=1725844827\" authToken=\"KxvLMr_sVisr5AsAXBU7\"
        mailingListStatus=\"unsubscribed\" mailingListActive=\"0\" scrobbleTypes=\"\"
        country=\"US\" subscriptionDescription=\"\" restricted=\"0\" anonymous=\"0\"
        home=\"0\" guest=\"0\" homeSize=\"1\" homeAdmin=\"0\" maxHomeSize=\"15\" rememberExpiresAt=\"1727054427\"
        adsConsent=\"\" adsConsentSetAt=\"\" adsConsentReminderAt=\"\" experimentalFeatures=\"0\"
        twoFactorEnabled=\"0\" backupCodesCreated=\"0\" attributionPartner=\"\">\n
        \ <subscription active=\"0\" subscribedAt=\"\" status=\"Inactive\" paymentService=\"\"
        plan=\"\">\n    <features>\n      <feature id=\"guided-upgrade\"/>\n      <feature
        id=\"increase-password-complexity\"/>\n      <feature id=\"upgrade-3ds2\"/>\n
        \     <feature id=\"ad-countdown-timer\"/>\n      <feature id=\"adaptive_bitrate\"/>\n
        \     <feature id=\"amazon-loop-debug\"/>\n      <feature id=\"Android - Dolby
        Vision\"/>\n      <feature id=\"Android - PiP\"/>\n      <feature id=\"avod-ad-analysis\"/>\n
        \     <feature id=\"avod-new-media\"/>\n      <feature id=\"blacklist_get_signin\"/>\n
        \     <feature id=\"CU Sunset\"/>\n      <feature id=\"client-radio-stations\"/>\n
        \     <feature id=\"cloudflare-turnstile-required\"/>\n      <feature id=\"comments_and_replies_push_notifications\"/>\n
        \     <feature id=\"friend_request_push_notifications\"/>\n      <feature
        id=\"community_access_plex_tv\"/>\n      <feature id=\"companions_sonos\"/>\n
        \     <feature id=\"custom-home-removal\"/>\n      <feature id=\"disable_home_user_friendships\"/>\n
        \     <feature id=\"disable_sharing_friendships\"/>\n      <feature id=\"drm_support\"/>\n
        \     <feature id=\"le_isrg_root_x1\"/>\n      <feature id=\"federated-auth\"/>\n
        \     <feature id=\"home\"/>\n      <feature id=\"HRK_enable_EUR\"/>\n      <feature
        id=\"ios14-privacy-banner\"/>\n      <feature id=\"iterable-notification-tokens\"/>\n
        \     <feature id=\"keep-payment-method\"/>\n      <feature id=\"kevin-bacon\"/>\n
        \     <feature id=\"korea-consent\"/>\n      <feature id=\"lets_encrypt\"/>\n
        \     <feature id=\"lightning-dvr-pivot\"/>\n      <feature id=\"livetv\"/>\n
        \     <feature id=\"live-tv-support-incomplete-segments\"/>\n      <feature
        id=\"tuner-sharing\"/>\n      <feature id=\"metadata_search\"/>\n      <feature
        id=\"vod_cloudflare\"/>\n      <feature id=\"new_plex_pass_prices\"/>\n      <feature
        id=\"news-provider-sunset-modal\"/>\n      <feature id=\"photos-favorites\"/>\n
        \     <feature id=\"photos-metadata-edition\"/>\n      <feature id=\"pms_health\"/>\n
        \     <feature id=\"rate-limit-client-token\"/>\n      <feature id=\"shared_server_notification\"/>\n
        \     <feature id=\"shared_source_notification\"/>\n      <feature id=\"scrobbling-service-plex-tv\"/>\n
        \     <feature id=\"collections\"/>\n      <feature id=\"radio\"/>\n      <feature
        id=\"exclude restrictions\"/>\n      <feature id=\"signin_with_apple\"/>\n
        \     <feature id=\"spring_serve_ad_provider\"/>\n      <feature id=\"transcoder_cache\"/>\n
        \     <feature id=\"TREBLE-show-features\"/>\n      <feature id=\"two-factor-authentication\"/>\n
        \     <feature id=\"unsupportedtuners\"/>\n      <feature id=\"vod-schema\"/>\n
        \     <feature id=\"watch-together-invite\"/>\n      <feature id=\"web_server_dashboard\"/>\n
        \   </features>\n  </subscription>\n  <profile autoSelectAudio=\"1\" defaultAudioLanguage=\"\"
        defaultSubtitleLanguage=\"\" autoSelectSubtitle=\"1\" defaultSubtitleAccessibility=\"0\"
        defaultSubtitleForced=\"0\" watchedIndicator=\"1\" mediaReviewsVisibility=\"0\"/>\n
        \ <entitlements>\n  </entitlements>\n  <subscriptions>\n  </subscriptions>\n
        \ <pastSubscriptions>\n  </pastSubscriptions>\n  <trials>\n  </trials>\n  <services>\n
        \   <service identifier=\"epg\" endpoint=\"https://epg.provider.plex.tv\"
        token=\"RkHIzgbqTjP2giDabsWdbBB9o4YNyhS6CqbTgwfKAOc=\" secret=\"\" status=\"online\"/>\n
        \   <service identifier=\"epg-staging\" endpoint=\"https://epg-staging.provider.plex.tv\"
        token=\"RkHIzgbqTjP2giDabsWdbBB9o4YNyhS6CqbTgwfKAOc=\" secret=\"\" status=\"online\"/>\n
        \   <service identifier=\"epg-dev\" endpoint=\"https://epg-dev.provider.plex.tv\"
        token=\"RkHIzgbqTjP2giDabsWdbBB9o4YNyhS6CqbTgwfKAOc=\" secret=\"\" status=\"online\"/>\n
        \   <service identifier=\"eyeq\" endpoint=\"https://c4412416.ipg.web.cddbp.net/webapi/xml/1.0/\"
        token=\"6iUU7VrBzA/Hz5nsS9o65Yz77qvh63pYmUN+TaVHeonhsQWlzYGcsik1opEU3toj\"
        secret=\"\" status=\"online\"/>\n    <service identifier=\"eyeq-channel-icons\"
        endpoint=\"http://akamai-b.cdn.cddbp.net/cds/2.0/image\" token=\"\" secret=\"\"
        status=\"online\"/>\n    <service identifier=\"graph-dev\" endpoint=\"https://community-dev.plex.tv\"
        token=\"\" secret=\"\" status=\"online\"/>\n    <service identifier=\"graph-staging\"
        endpoint=\"https://community-staging.plex.tv\" token=\"\" secret=\"\" status=\"online\"/>\n
        \   <service identifier=\"community-dev\" endpoint=\"https://community-dev.plex.tv\"
        token=\"\" secret=\"\" status=\"online\"/>\n    <service identifier=\"community-staging\"
        endpoint=\"https://community-staging.plex.tv\" token=\"\" secret=\"\" status=\"online\"/>\n
        \   <service identifier=\"community\" endpoint=\"https://community.plex.tv\"
        token=\"\" secret=\"\" status=\"online\"/>\n    <service identifier=\"metadata\"
        endpoint=\"https://metadata.provider.plex.tv\" token=\"1vme2aaK6G8fZFtFyKeSmInEvdjpjsHEto45VgX1K0c=\"
        secret=\"\" status=\"online\"/>\n    <service identifier=\"metadata-dev\"
        endpoint=\"https://metadata-dev.provider.plex.tv\" token=\"1vme2aaK6G8fZFtFyKeSmInEvdjpjsHEto45VgX1K0c=\"
        secret=\"\" status=\"online\"/>\n    <service identifier=\"metadata-provider\"
        endpoint=\"https://mpm.plex.tv/\" token=\"\" secret=\"\" status=\"online\"/>\n
        \   <service identifier=\"tmsapi\" endpoint=\"https://tmsapi.plex.tv/v1.1/\"
        token=\"a0VC3zjGN7FmzvlZKIuRRUjLCRoQkgY2jwJsLgi8+OQ=\" secret=\"\" status=\"online\"/>\n
        \   <service identifier=\"subtitles-search\" endpoint=\"https://metadata.provider.plex.tv/library/streams/matches\"
        token=\"1vme2aaK6G8fZFtFyKeSmInEvdjpjsHEto45VgX1K0c=\" secret=\"\" status=\"online\"/>\n
        \   <service identifier=\"acoustid\" endpoint=\"https://acoustid.plex.tv/\"
        token=\"XxQtK3u05uaxTaZ6Y6jcrw==\" secret=\"\" status=\"online\"/>\n    <service
        identifier=\"lyricfind\" endpoint=\"https://lyricfind.plex.tv/\" token=\"X46ofmSoyOTWjBU4oEx0Rb0ATQjYW31IgFeXw3+/n5hMfGoF7PLEMPrLT9v/zqV1\"
        secret=\"H8q1AfgeOcf8+wx2ODos1mLBkmsSE4PMCJkkdx27xNwpzzKVV3up6gZJb+teyIOw\"
        status=\"online\"/>\n    <service identifier=\"lyricfind-search\" endpoint=\"https://lyricfind.plex.tv/\"
        token=\"4HRR+YgScsy+71q8J31KgROAuPkWvsus8XQuVFjYUiTjw5f+LesQ8MAgEcjnuYxW\"
        secret=\"\" status=\"online\"/>\n    <service identifier=\"tvdb\" endpoint=\"https://api4.thetvdb.com/\"
        token=\"CFlmhH676IvrFij0l4BR1YNRtyHjz+9EAH+GU5ZgncfJ3ufdmzWK/3giK1Ovei7u\"
        secret=\"\" status=\"online\"/>\n  </services>\n</user>\n"
    headers:
      Cache-Control:
      - max-age=0, private, must-revalidate
      Connection:
      - keep-alive
      Content-Type:
      - application/xml
      Date:
      - Mon, 09 Sep 2024 01:20:27 GMT
      ETag:
      - W/"929504eaf25a01a7eed6671381f7273d"
      Referrer-Policy:
      - origin-when-cross-origin
      Set-Cookie:
      - _my-plex_session_32=b0VxbGtZTUxMOEdmZEJlWTRpajlQallwMGlac0JYdlFCMU9KRTVkV2x1Uy9WRzlaVWRKb25ldU9Ea0UxQXBZV2pjV0RncWIwcHN6WlNVbnhsN2JiRHc9PS0tcW5oY3A4Mm11UEwxQ1o1RFE4Qmpvdz09--7e969f24ddd2e40d8d98cd06eba1731f2f74a1cb;
        path=/; HttpOnly; secure
      Strict-Transport-Security:
      - max-age=31536000; includeSubDomains; preload
      Transfer-Encoding:
      - chunked
      X-Content-Type-Options:
      - nosniff
      X-Frame-Options:
      - SAMEORIGIN
      X-Request-Id:
      - 2623982f2518980adbd391c2e2e476d3
      X-Runtime:
      - '0.199381'
      X-XSS-Protection:
      - 1; mode=block
      vary:
      - Origin
    status:
      code: 201
      message: Created
- request:
    body: null
    headers:
      Accept:
      - '*/*'
      Accept-Encoding:
      - gzip, deflate, br
      Connection:
      - keep-alive
      Cookie:
      - _my-plex_session_32=b0VxbGtZTUxMOEdmZEJlWTRpajlQallwMGlac0JYdlFCMU9KRTVkV2x1Uy9WRzlaVWRKb25ldU9Ea0UxQXBZV2pjV0RncWIwcHN6WlNVbnhsN2JiRHc9PS0tcW5oY3A4Mm11UEwxQ1o1RFE4Qmpvdz09--7e969f24ddd2e40d8d98cd06eba1731f2f74a1cb
      User-Agent:
      - python-requests/2.32.3
      X-Plex-Client-Identifier:
      - '0xe04cb4ea03'
      X-Plex-Container-Size:
      - '100'
      X-Plex-Container-Start:
      - '0'
      X-Plex-Device:
      - Windows
      X-Plex-Device-Name:
      - Champ
      X-Plex-Features:
      - external-media
      X-Plex-Language:
      - en
      X-Plex-Platform:
      - Windows
      X-Plex-Platform-Version:
      - '10'
      X-Plex-Product:
      - PlexAPI
      X-Plex-Provides:
      - controller
      X-Plex-Sync-Version:
      - '2'
      X-Plex-Token:
      - KxvLMr_sVisr5AsAXBU7
      X-Plex-Version:
      - 4.15.16
    method: GET
    uri: https://metadata.provider.plex.tv/library/sections/watchlist/all?includeCollections=1&includeExternalMedia=1
  response:
    body:
      string: '<?xml version="1.0"?><MediaContainer librarySectionID="watchlist" librarySectionTitle="Watchlist"
        offset="0" totalSize="3" identifier="tv.plex.provider.metadata" size="3"><Video
        art="https://metadata-static.plex.tv/2/gracenote/2da4948906992a673bb605731cd99943.jpg"
        banner="https://artworks.thetvdb.com/banners/v4/movie/5483/banners/6424b1060adb7.jpg"
        guid="plex://movie/5d7768ba96b655001fdc0408" key="/library/metadata/5d7768ba96b655001fdc0408"
        rating="7.6" ratingKey="5d7768ba96b655001fdc0408" studio="20th Century Studios"
        tagline="Return to Pandora." type="movie" thumb="https://metadata-static.plex.tv/8/gracenote/852339eebde7ebea9459515382d2e345.jpg"
        addedAt="1670976000" duration="11520000" publicPagesURL="https://watch.plex.tv/movie/avatar-the-way-of-water"
        slug="avatar-the-way-of-water" userState="0" title="Avatar: The Way of Water"
        contentRating="PG-13" originallyAvailableAt="2022-12-14" year="2022" audienceRating="9.2"
        audienceRatingImage="rottentomatoes://image.rating.upright" ratingImage="rottentomatoes://image.rating.ripe"
        imdbRatingCount="509066"><Image alt="Avatar: The Way of Water" type="background"
        url="https://metadata-static.plex.tv/2/gracenote/2da4948906992a673bb605731cd99943.jpg"/><Image
        alt="Avatar: The Way of Water" type="banner" url="https://artworks.thetvdb.com/banners/v4/movie/5483/banners/6424b1060adb7.jpg"/><Image
        alt="Avatar: The Way of Water" type="clearLogo" url="https://metadata-static.plex.tv/7/683a142553/778d817f193e0c9b8e7abe4e7276b200.png"/><Image
        alt="Avatar: The Way of Water" type="clearLogoWide" url="https://metadata-static.plex.tv/7/683a142553/778d817f193e0c9b8e7abe4e7276b200.png"/><Image
        alt="Avatar: The Way of Water" type="coverArt" url="https://metadata-static.plex.tv/4/gracenote/4ce7d8af852fdcf6d148d9f82273a6ba.jpg"/><Image
        alt="Avatar: The Way of Water" type="coverPoster" url="https://metadata-static.plex.tv/8/gracenote/852339eebde7ebea9459515382d2e345.jpg"/><Image
        alt="Avatar: The Way of Water" type="coverSquare" url="https://metadata-static.plex.tv/e/gracenote/ef637ed436b7ee3c85105a3ba4811a11.jpg"/><Image
        alt="Avatar: The Way of Water" type="snapshot" url="https://metadata-static.plex.tv/9/gracenote/961d73b515fa8d302860aca7db5efdb9.jpg"/></Video><Video
        art="https://metadata-static.plex.tv/a/gracenote/a9ba652c2b4bc621c2b7229d15b1d11d.jpg"
        banner="https://artworks.thetvdb.com/banners/v4/movie/33190/banners/64ff03d608d00.jpg"
        guid="plex://movie/5d776ca79ab544002151945c" key="/library/metadata/5d776ca79ab544002151945c"
        rating="3.9" ratingKey="5d776ca79ab544002151945c" studio="New Line Cinema"
        tagline="Power born from rage." type="movie" thumb="https://metadata-static.plex.tv/c/gracenote/c16be7b0133d85a154ec16a4ed4e1209.jpg"
        addedAt="1666137600" duration="7500000" publicPagesURL="https://watch.plex.tv/movie/black-adam"
        slug="black-adam" expiresAt="1893455940" userState="0" title="Black Adam"
        contentRating="PG-13" originallyAvailableAt="2022-10-19" year="2022" audienceRating="8.8"
        audienceRatingImage="rottentomatoes://image.rating.upright" ratingImage="rottentomatoes://image.rating.rotten"
        imdbRatingCount="280345"><Image alt="Black Adam" type="background" url="https://metadata-static.plex.tv/a/gracenote/a9ba652c2b4bc621c2b7229d15b1d11d.jpg"/><Image
        alt="Black Adam" type="banner" url="https://artworks.thetvdb.com/banners/v4/movie/33190/banners/64ff03d608d00.jpg"/><Image
        alt="Black Adam" type="clearLogo" url="https://metadata-static.plex.tv/1/683a142553/1b3105476a90c6e68d5a965a89909b77.png"/><Image
        alt="Black Adam" type="clearLogoWide" url="https://metadata-static.plex.tv/1/683a142553/1b3105476a90c6e68d5a965a89909b77.png"/><Image
        alt="Black Adam" type="coverArt" url="https://metadata-static.plex.tv/2/gracenote/29f0275f6682bc2376ce073a8692352c.jpg"/><Image
        alt="Black Adam" type="coverPoster" url="https://metadata-static.plex.tv/c/gracenote/c16be7b0133d85a154ec16a4ed4e1209.jpg"/><Image
        alt="Black Adam" type="coverSquare" url="https://metadata-static.plex.tv/e/gracenote/e45015e75f033828b7624e3f548fbd06.jpg"/><Image
        alt="Black Adam" type="snapshot" url="https://metadata-static.plex.tv/9/gracenote/941bed7eb235c10bc794c876d4a4de13.jpg"/></Video><Directory
        art="https://image.tmdb.org/t/p/original/vO3I7ZpSQIZXVeRfexxbvkqQjZE.jpg"
        banner="https://artworks.thetvdb.com/banners/v4/series/400160/banners/62a26374cd99d.jpg"
        guid="plex://show/621656cb3f91a0bf1bbdb41e" key="/library/metadata/621656cb3f91a0bf1bbdb41e/children"
        ratingKey="621656cb3f91a0bf1bbdb41e" studio="HBO Latin America" type="show"
        thumb="https://image.tmdb.org/t/p/original/K7SQz8lDXvObNF86bDFlhiyuLZ.jpg"
        addedAt="1647734400" duration="2280000" publicPagesURL="https://watch.plex.tv/show/amsterdam"
        slug="amsterdam" userState="0" title="Amsterdam" leafCount="10" childCount="1"
        contentRating="TV-MA" originallyAvailableAt="2022-03-20" year="2022" audienceRating="6"
        audienceRatingImage="rottentomatoes://image.rating.upright" imdbRatingCount="386"><Image
        alt="Amsterdam" type="background" url="https://image.tmdb.org/t/p/original/vO3I7ZpSQIZXVeRfexxbvkqQjZE.jpg"/><Image
        alt="Amsterdam" type="banner" url="https://artworks.thetvdb.com/banners/v4/series/400160/banners/62a26374cd99d.jpg"/><Image
        alt="Amsterdam" type="clearLogo" url="https://metadata-static.plex.tv/e/683a142553/ed1efd2c83a26984b91c8bf5915bbbfd.png"/><Image
        alt="Amsterdam" type="clearLogoWide" url="https://metadata-static.plex.tv/e/683a142553/ed1efd2c83a26984b91c8bf5915bbbfd.png"/><Image
        alt="Amsterdam" type="coverArt" url="https://image.tmdb.org/t/p/original/vDHB5f2F2v1EgfZCwySnK9DQIZ7.jpg"/><Image
        alt="Amsterdam" type="coverPoster" url="https://image.tmdb.org/t/p/original/K7SQz8lDXvObNF86bDFlhiyuLZ.jpg"/></Directory></MediaContainer>'
    headers:
      Access-Control-Allow-Origin:
      - '*'
      CF-Cache-Status:
      - BYPASS
      CF-RAY:
      - 8c035b1cd9ae7fe1-IAD
      Cache-Control:
      - no-store
      Connection:
      - keep-alive
      Content-Encoding:
      - gzip
      Content-Type:
      - application/xml; charset=utf-8
      Cross-Origin-Resource-Policy:
      - cross-origin
      Date:
      - Mon, 09 Sep 2024 01:20:27 GMT
      ETag:
      - W/"162c-cuZKhd5eKZiw0zF7r7PhYRikzCI"
      Origin-Agent-Cluster:
      - ?1
      Referrer-Policy:
      - no-referrer
      Server:
      - cloudflare
      Strict-Transport-Security:
      - max-age=31536000; includeSubDomains; preload
      Transfer-Encoding:
      - chunked
      Vary:
      - Accept-Encoding
      X-Content-Type-Options:
      - nosniff
      X-DNS-Prefetch-Control:
      - 'off'
      X-Download-Options:
      - noopen
      X-Frame-Options:
      - SAMEORIGIN
      X-Permitted-Cross-Domain-Policies:
      - none
      X-Plex-Container-Start:
      - '0'
      X-Plex-Container-Total-Size:
      - '3'
      X-XSS-Protection:
      - 1; mode=block
      x-plex-cache:
      - hit
    status:
      code: 200
      message: OK
- request:
    body: null
    headers:
      Accept:
      - '*/*'
      Accept-Encoding:
      - gzip, deflate, br
      Connection:
      - keep-alive
      Cookie:
      - _my-plex_session_32=b0VxbGtZTUxMOEdmZEJlWTRpajlQallwMGlac0JYdlFCMU9KRTVkV2x1Uy9WRzlaVWRKb25ldU9Ea0UxQXBZV2pjV0RncWIwcHN6WlNVbnhsN2JiRHc9PS0tcW5oY3A4Mm11UEwxQ1o1RFE4Qmpvdz09--7e969f24ddd2e40d8d98cd06eba1731f2f74a1cb
      User-Agent:
      - python-requests/2.32.3
      X-Plex-Client-Identifier:
      - '0xe04cb4ea03'
      X-Plex-Device:
      - Windows
      X-Plex-Device-Name:
      - Champ
      X-Plex-Features:
      - external-media
      X-Plex-Language:
      - en
      X-Plex-Platform:
      - Windows
      X-Plex-Platform-Version:
      - '10'
      X-Plex-Product:
      - PlexAPI
      X-Plex-Provides:
      - controller
      X-Plex-Sync-Version:
      - '2'
      X-Plex-Token:
      - KxvLMr_sVisr5AsAXBU7
      X-Plex-Version:
      - 4.15.16
    method: GET
    uri: https://metadata.provider.plex.tv/
  response:
    body:
      string: <?xml version="1.0"?><MediaProvider icon="https://provider-static.plex.tv/icons/metadata-560.svg"
        identifier="tv.plex.provider.metadata" protocols="stream" title="Metadata"
        version="1.3.0"><Feature type="metadata" key="/library/metadata"/><Feature
        type="actions"><Action id="addToWatchlist" key="/actions/addToWatchlist" reverseKey="/actions/removeFromWatchlist"/><Action
        id="rate" key="/actions/rate"/><Action id="scrobble" key="/actions/scrobble"
        reverseKey="/actions/unscrobble"/></Feature><Feature type="collection" key="/library/collections"/><Feature
        type="location" key="/location"/><Feature type="markers" key="/markers"/><Feature
        public="1" type="imagetranscoder" key="https://images.plex.tv/photo"/><Feature
        flavor="universal" type="playqueue" key="https://play.provider.plex.tv/playQueues"/><Feature
        type="match" key="/library/metadata/matches"/></MediaProvider>
    headers:
      Age:
      - '64611'
      CF-Cache-Status:
      - HIT
      CF-RAY:
      - 8c035b1d5a3f7fe1-IAD
      Cache-Control:
      - max-age=0,stale-while-revalidate=86400
      Connection:
      - keep-alive
      Content-Encoding:
      - gzip
      Content-Type:
      - application/xml; charset=utf-8
      Date:
      - Mon, 09 Sep 2024 01:20:27 GMT
      Server:
      - cloudflare
      Transfer-Encoding:
      - chunked
      access-control-allow-origin:
      - '*'
      cdn-cache-control:
      - max-age=86400
      cross-origin-resource-policy:
      - cross-origin
      etag:
      - W/"369-LgDHfSaMCTDKhJR5CV+d/zVbjf4"
      origin-agent-cluster:
      - ?1
      referrer-policy:
      - no-referrer
      strict-transport-security:
      - max-age=31536000; includeSubDomains; preload
      vary:
      - Accept, Accept-Encoding, X-Plex-Language, X-Plex-Provider-Version
      x-content-type-options:
      - nosniff
      x-dns-prefetch-control:
      - 'off'
      x-download-options:
      - noopen
      x-frame-options:
      - SAMEORIGIN
      x-permitted-cross-domain-policies:
      - none
      x-plex-timestamp:
      - '1717565583'
      x-plex-version:
      - 1f85bbd7cf44888ff6d1bdc83632e25e969314d7
      x-xss-protection:
      - 1; mode=block
    status:
      code: 200
      message: OK
- request:
    body: null
    headers:
      Accept:
      - '*/*'
      Accept-Encoding:
      - gzip, deflate, br
      Connection:
      - keep-alive
      Cookie:
      - _my-plex_session_32=b0VxbGtZTUxMOEdmZEJlWTRpajlQallwMGlac0JYdlFCMU9KRTVkV2x1Uy9WRzlaVWRKb25ldU9Ea0UxQXBZV2pjV0RncWIwcHN6WlNVbnhsN2JiRHc9PS0tcW5oY3A4Mm11UEwxQ1o1RFE4Qmpvdz09--7e969f24ddd2e40d8d98cd06eba1731f2f74a1cb
      User-Agent:
      - python-requests/2.32.3
      X-Plex-Client-Identifier:
      - '0xe04cb4ea03'
      X-Plex-Device:
      - Windows
      X-Plex-Device-Name:
      - Champ
      X-Plex-Features:
      - external-media
      X-Plex-Language:
      - en
      X-Plex-Platform:
      - Windows
      X-Plex-Platform-Version:
      - '10'
      X-Plex-Product:
      - PlexAPI
      X-Plex-Provides:
      - controller
      X-Plex-Sync-Version:
      - '2'
      X-Plex-Token:
      - KxvLMr_sVisr5AsAXBU7
      X-Plex-Version:
      - 4.15.16
    method: GET
    uri: https://metadata.provider.plex.tv/library/metadata/5d7768ba96b655001fdc0408?includeBandwidths=1&includeChapters=1&includeGeolocation=1&includeLoudnessRamps=1&includeMarkers=1&includeUserState=1
  response:
    body:
      string: "<?xml version=\"1.0\"?><MediaContainer librarySectionID=\"home\" librarySectionTitle=\"Metadata\"
        offset=\"0\" totalSize=\"1\" identifier=\"tv.plex.provider.metadata\" size=\"1\"><Video
        art=\"https://metadata-static.plex.tv/2/gracenote/2da4948906992a673bb605731cd99943.jpg\"
        banner=\"https://artworks.thetvdb.com/banners/v4/movie/5483/banners/6424b1060adb7.jpg\"
        guid=\"plex://movie/5d7768ba96b655001fdc0408\" key=\"/library/metadata/5d7768ba96b655001fdc0408\"
        rating=\"7.6\" ratingKey=\"5d7768ba96b655001fdc0408\" studio=\"20th Century
        Studios\" summary=\"Jake Sully lives with his newfound family formed on the
        extrasolar moon Pandora. Once a familiar threat returns to finish what was
        previously started, Jake must work with Neytiri and the army of the Na&apos;vi
        race to protect their home.\" tagline=\"Return to Pandora.\" type=\"movie\"
        thumb=\"https://metadata-static.plex.tv/8/gracenote/852339eebde7ebea9459515382d2e345.jpg\"
        addedAt=\"1670976000\" duration=\"11520000\" publicPagesURL=\"https://watch.plex.tv/movie/avatar-the-way-of-water\"
        slug=\"avatar-the-way-of-water\" watchlistedAt=\"1725844820\" viewCount=\"0\"
        viewOffset=\"0\" title=\"Avatar: The Way of Water\" contentRating=\"PG-13\"
        originallyAvailableAt=\"2022-12-14\" year=\"2022\" audienceRating=\"9.2\"
        audienceRatingImage=\"rottentomatoes://image.rating.upright\" ratingImage=\"rottentomatoes://image.rating.ripe\"
        imdbRatingCount=\"509066\"><Image alt=\"Avatar: The Way of Water\" type=\"background\"
        url=\"https://metadata-static.plex.tv/2/gracenote/2da4948906992a673bb605731cd99943.jpg\"/><Image
        alt=\"Avatar: The Way of Water\" type=\"banner\" url=\"https://artworks.thetvdb.com/banners/v4/movie/5483/banners/6424b1060adb7.jpg\"/><Image
        alt=\"Avatar: The Way of Water\" type=\"clearLogo\" url=\"https://metadata-static.plex.tv/7/683a142553/778d817f193e0c9b8e7abe4e7276b200.png\"/><Image
        alt=\"Avatar: The Way of Water\" type=\"clearLogoWide\" url=\"https://metadata-static.plex.tv/7/683a142553/778d817f193e0c9b8e7abe4e7276b200.png\"/><Image
        alt=\"Avatar: The Way of Water\" type=\"coverArt\" url=\"https://metadata-static.plex.tv/4/gracenote/4ce7d8af852fdcf6d148d9f82273a6ba.jpg\"/><Image
        alt=\"Avatar: The Way of Water\" type=\"coverPoster\" url=\"https://metadata-static.plex.tv/8/gracenote/852339eebde7ebea9459515382d2e345.jpg\"/><Image
        alt=\"Avatar: The Way of Water\" type=\"coverSquare\" url=\"https://metadata-static.plex.tv/e/gracenote/ef637ed436b7ee3c85105a3ba4811a11.jpg\"/><Image
        alt=\"Avatar: The Way of Water\" type=\"snapshot\" url=\"https://metadata-static.plex.tv/9/gracenote/961d73b515fa8d302860aca7db5efdb9.jpg\"/><Genre
        filter=\"genre=5d9c046c2192ba001f2ff6c2\" id=\"5d9c046c2192ba001f2ff6c2\"
        key=\"/library/sections/home/all?genre=5d9c046c2192ba001f2ff6c2\" ratingKey=\"genre_5d9c046c2192ba001f2ff6c2\"
        slug=\"action\" tag=\"Action\" directory=\"1\" context=\"tag.genre\"/><Genre
        filter=\"genre=5d9c046c2192ba001f2ff6c3\" id=\"5d9c046c2192ba001f2ff6c3\"
        key=\"/library/sections/home/all?genre=5d9c046c2192ba001f2ff6c3\" ratingKey=\"genre_5d9c046c2192ba001f2ff6c3\"
        slug=\"adventure\" tag=\"Adventure\" directory=\"1\" context=\"tag.genre\"/><Genre
        filter=\"genre=5d9c046c2192ba001f2ff6c4\" id=\"5d9c046c2192ba001f2ff6c4\"
        key=\"/library/sections/home/all?genre=5d9c046c2192ba001f2ff6c4\" ratingKey=\"genre_5d9c046c2192ba001f2ff6c4\"
        slug=\"sci-fi\" tag=\"Sci-Fi\" directory=\"1\" context=\"tag.genre\"/><Genre
        filter=\"genre=5d9c046c705e7a001e6c8daa\" id=\"5d9c046c705e7a001e6c8daa\"
        key=\"/library/sections/home/all?genre=5d9c046c705e7a001e6c8daa\" ratingKey=\"genre_5d9c046c705e7a001e6c8daa\"
        slug=\"fantasy\" tag=\"Fantasy\" directory=\"1\" context=\"tag.genre\"/><Guid
        id=\"imdb://tt1630029\"/><Guid id=\"tmdb://76600\"/><Guid id=\"tvdb://5483\"/><Rating
        image=\"imdb://image.rating\" type=\"audience\" value=\"7.5\"/><Rating image=\"rottentomatoes://image.rating.ripe\"
        type=\"critic\" value=\"7.6\"/><Rating image=\"rottentomatoes://image.rating.upright\"
        type=\"audience\" value=\"9.2\"/><Rating image=\"themoviedb://image.rating\"
        type=\"audience\" value=\"7.62\"/><Collection art=\"https://image.tmdb.org/t/p/original/gxnvX9kF7RRUQYvB52dMLPgeJkt.jpg\"
        guid=\"plex://collection/5ec2fdb768742a00415b9917\" key=\"/library/collections/5ec2fdb768742a00415b9917/children\"
        summary=\"The Avatar Collection tells the story of the world of Pandora, inhabited
        by the indigenous humanoids, the Na&apos;vi. The main protagonist, Jake Sully
        (Sam Worthington), is sent to Pandora as an avatar\u2014a hybrid of human
        and Na&apos;vi. During his mission, Jake discovers the beauty and complexity
        of the Na&apos;vi world and forms a deep connection with the planet&apos;s
        inhabitants. The collection focuses on the conflict between humans and the
        Na&apos;vi and the struggle to save the world of Pandora.\" thumb=\"https://image.tmdb.org/t/p/original/uO2yU3QiGHvVp0L5e5IatTVRkYk.jpg\"
        tag=\"Avatar Collection\"/><Country tag=\"United States of America\"/><Role
        key=\"/library/sections/home/all?actor=5d7768268718ba001e311c30&amp;type=99&amp;availabilityType=free\"
        id=\"5d7768268718ba001e311c30\" order=\"1\" slug=\"sam-worthington\" tag=\"Sam
        Worthington\" thumb=\"https://metadata-static.plex.tv/7/people/758b4e28c0266718241d9de86f62d650.jpg\"
        role=\"Jake Sully\" directory=\"1\"/><Role key=\"/library/sections/home/all?actor=5d776825999c64001ec2bff1&amp;type=99&amp;availabilityType=free\"
        id=\"5d776825999c64001ec2bff1\" order=\"2\" slug=\"zoe-saldana\" tag=\"Zoe
        Salda\xF1a\" thumb=\"https://metadata-static.plex.tv/1/people/1a763f658196c01b4c797149ecfae674.jpg\"
        role=\"Neytiri\" directory=\"1\"/><Role key=\"/library/sections/home/all?actor=5d7768253c3c2a001fbcac3f&amp;type=99&amp;availabilityType=free\"
        id=\"5d7768253c3c2a001fbcac3f\" order=\"3\" slug=\"sigourney-weaver\" tag=\"Sigourney
        Weaver\" thumb=\"https://metadata-static.plex.tv/3/people/3bfa42322031e68229215b50abb7dcc2.jpg\"
        role=\"Kiri\" directory=\"1\"/><Role key=\"/library/sections/home/all?actor=5d77682d54c0f0001f3028f3&amp;type=99&amp;availabilityType=free\"
        id=\"5d77682d54c0f0001f3028f3\" order=\"4\" slug=\"stephen-lang\" tag=\"Stephen
        Lang\" thumb=\"https://metadata-static.plex.tv/f/people/fe0830268363616247c741671e112f84.jpg\"
        role=\"Colonel Miles Quaritch\" directory=\"1\"/><Role key=\"/library/sections/home/all?actor=5d776825880197001ec9030f&amp;type=99&amp;availabilityType=free\"
        id=\"5d776825880197001ec9030f\" order=\"5\" slug=\"kate-winslet\" tag=\"Kate
        Winslet\" thumb=\"https://metadata-static.plex.tv/3/people/3d5ad24e4622cb12c7dcabe1788e8425.jpg\"
        role=\"Ronal\" directory=\"1\"/><Role key=\"/library/sections/home/all?actor=5d776826999c64001ec2c5f9&amp;type=99&amp;availabilityType=free\"
        id=\"5d776826999c64001ec2c5f9\" order=\"6\" slug=\"cliff-curtis\" tag=\"Cliff
        Curtis\" thumb=\"https://metadata-static.plex.tv/6/people/6ccabb0d97094043cc3966f8c54b8c7b.jpg\"
        role=\"Tonowari\" directory=\"1\"/><Role key=\"/library/sections/home/all?actor=5d77683485719b001f3a3693&amp;type=99&amp;availabilityType=free\"
        id=\"5d77683485719b001f3a3693\" order=\"7\" slug=\"joel-david-moore\" tag=\"Joel
        David Moore\" thumb=\"https://metadata-static.plex.tv/b/people/be68d2d75ccdb77d3e728b1dc7b1cdb6.jpg\"
        role=\"Norm Spellman\" directory=\"1\"/><Role key=\"/library/sections/home/all?actor=5d776828151a60001f24ae5b&amp;type=99&amp;availabilityType=free\"
        id=\"5d776828151a60001f24ae5b\" order=\"8\" slug=\"cch-pounder\" tag=\"CCH
        Pounder\" thumb=\"https://metadata-static.plex.tv/3/people/3a3618dd3116e3ee3cf29528d6ea1822.jpg\"
        role=\"Mo&apos;at\" directory=\"1\"/><Role key=\"/library/sections/home/all?actor=5d77682a7e9a3c0020c6b1bb&amp;type=99&amp;availabilityType=free\"
        id=\"5d77682a7e9a3c0020c6b1bb\" order=\"9\" slug=\"edie-falco\" tag=\"Edie
        Falco\" thumb=\"https://metadata-static.plex.tv/c/people/c6c938f807fbb88f89af7bc816c0eb4f.jpg\"
        role=\"General Frances Ardmore\" directory=\"1\"/><Role key=\"/library/sections/home/all?actor=5d7768322ec6b5001f6bb740&amp;type=99&amp;availabilityType=free\"
        id=\"5d7768322ec6b5001f6bb740\" order=\"10\" slug=\"jemaine-clement\" tag=\"Jemaine
        Clement\" thumb=\"https://metadata-static.plex.tv/people/5d7768322ec6b5001f6bb740.jpg\"
        role=\"Dr. Ian Garvin\" directory=\"1\"/><Role key=\"/library/sections/home/all?actor=5d776825151a60001f24a404&amp;type=99&amp;availabilityType=free\"
        id=\"5d776825151a60001f24a404\" order=\"11\" slug=\"giovanni-ribisi\" tag=\"Giovanni
        Ribisi\" thumb=\"https://metadata-static.plex.tv/a/people/a492cd3d471515fdfa81696cf01b261b.jpg\"
        role=\"Parker Selfridge\" directory=\"1\"/><Role key=\"/library/sections/home/all?actor=5d7768bb96b655001fdc0437&amp;type=99&amp;availabilityType=free\"
        id=\"5d7768bb96b655001fdc0437\" order=\"12\" slug=\"britain-dalton\" tag=\"Britain
        Dalton\" thumb=\"https://metadata-static.plex.tv/9/people/9d7e7e6f74334e1fcfe2ac70860b33ac.jpg\"
        role=\"Lo&apos;ak\" directory=\"1\"/><Role key=\"/library/sections/home/all?actor=5de8412118b6d6001dac40e8&amp;type=99&amp;availabilityType=free\"
        id=\"5de8412118b6d6001dac40e8\" order=\"13\" slug=\"jamie-flatters\" tag=\"Jamie
        Flatters\" thumb=\"https://metadata-static.plex.tv/1/people/1d2c20bae716f31aef219389da31de41.jpg\"
        role=\"Neteyam\" directory=\"1\"/><Role key=\"/library/sections/home/all?actor=5d7768bb96b655001fdc0436&amp;type=99&amp;availabilityType=free\"
        id=\"5d7768bb96b655001fdc0436\" order=\"14\" slug=\"trinity-bliss\" tag=\"Trinity
        Bliss\" thumb=\"https://metadata-static.plex.tv/6/people/64ea6b472625a847273c19ded7e940ca.jpg\"
        role=\"Tuktirey &apos;Tuk&apos;\" directory=\"1\"/><Role key=\"/library/sections/home/all?actor=5dcfc9ff4288ee001ec13c00&amp;type=99&amp;availabilityType=free\"
        id=\"5dcfc9ff4288ee001ec13c00\" order=\"15\" slug=\"jack-champion\" tag=\"Jack
        Champion\" thumb=\"https://metadata-static.plex.tv/2/people/2d12f63b3a04ebc755b38cd0d1393085.jpg\"
        role=\"Miles &apos;Spider&apos; Socorro\" directory=\"1\"/><Role key=\"/library/sections/home/all?actor=5d77682ae6d55c002040b5c0&amp;type=99&amp;availabilityType=free\"
        id=\"5d77682ae6d55c002040b5c0\" order=\"16\" slug=\"brendan-cowell\" tag=\"Brendan
        Cowell\" thumb=\"https://metadata-static.plex.tv/a/people/a70597b105b13fd25cb9b0f5f9968ccf.jpg\"
        role=\"Mick Scoresby\" directory=\"1\"/><Role key=\"/library/sections/home/all?actor=5d776880e6d55c002041460d&amp;type=99&amp;availabilityType=free\"
        id=\"5d776880e6d55c002041460d\" order=\"17\" slug=\"bailey-bass\" tag=\"Bailey
        Bass\" thumb=\"https://image.tmdb.org/t/p/original/c0oLL7IHbBOqi8rx6hkuxN0atrg.jpg\"
        role=\"Tsireya\" directory=\"1\"/><Role key=\"/library/sections/home/all?actor=5d7768bb96b655001fdc043a&amp;type=99&amp;availabilityType=free\"
        id=\"5d7768bb96b655001fdc043a\" order=\"18\" slug=\"filip-geljo\" tag=\"Filip
        Geljo\" thumb=\"https://metadata-static.plex.tv/4/people/4bdc62c558ca7e97548e36ee8b105ce2.jpg\"
        role=\"Aonung\" directory=\"1\"/><Role key=\"/library/sections/home/all?actor=5d7768bb96b655001fdc043b&amp;type=99&amp;availabilityType=free\"
        id=\"5d7768bb96b655001fdc043b\" order=\"19\" slug=\"duane-evans-jr\" tag=\"Duane
        Evans Jr.\" thumb=\"https://metadata-static.plex.tv/8/people/8dcf4d3a5042169e75c3343c74a34edb.jpg\"
        role=\"Rotxo\" directory=\"1\"/><Role key=\"/library/sections/home/all?actor=5d776840e6d55c002040ed42&amp;type=99&amp;availabilityType=free\"
        id=\"5d776840e6d55c002040ed42\" order=\"20\" slug=\"dileep-rao\" tag=\"Dileep
        Rao\" thumb=\"https://metadata-static.plex.tv/6/people/6a22d24a245a70a326b9961d07b3830f.jpg\"
        role=\"Dr. Max Patel\" directory=\"1\"/><Role key=\"/library/sections/home/all?actor=5d776833103a2d001f5671f1&amp;type=99&amp;availabilityType=free\"
        id=\"5d776833103a2d001f5671f1\" order=\"21\" slug=\"matt-gerald\" tag=\"Matt
        Gerald\" thumb=\"https://metadata-static.plex.tv/5/people/5cd9e85018260c96da50c500ac9ec5eb.jpg\"
        role=\"Recom Wainfleet\" directory=\"1\"/><Role key=\"/library/sections/home/all?actor=5d776df5ad5437001f7e607f&amp;type=99&amp;availabilityType=free\"
        id=\"5d776df5ad5437001f7e607f\" order=\"22\" slug=\"robert-okumu\" tag=\"Robert
        Okumu\" thumb=\"https://metadata-static.plex.tv/people/5d776df5ad5437001f7e607f.jpg\"
        role=\"Ta&apos;unui Olecthan\" directory=\"1\"/><Role key=\"/library/sections/home/all?actor=60642e164a54e7002c37ce72&amp;type=99&amp;availabilityType=free\"
        id=\"60642e164a54e7002c37ce72\" order=\"23\" slug=\"jennifer-stafford-4\"
        tag=\"Jennifer Stafford\" thumb=\"https://image.tmdb.org/t/p/original/xl6KmG24UGFYvksbuyDHWFaR7eR.jpg\"
        role=\"Ta&apos;unui Tsahik\" directory=\"1\"/><Role key=\"/library/sections/home/all?actor=5d7768cc9ab54400214eba40&amp;type=99&amp;availabilityType=free\"
        id=\"5d7768cc9ab54400214eba40\" order=\"24\" slug=\"keston-john\" tag=\"Keston
        John\" thumb=\"https://metadata-static.plex.tv/c/people/c3984747b55eb04b510e17c74b3d6286.jpg\"
        role=\"Tarsem\" directory=\"1\"/><Role key=\"/library/sections/home/all?actor=5d77682c61141d001fb1426d&amp;type=99&amp;availabilityType=free\"
        id=\"5d77682c61141d001fb1426d\" order=\"25\" slug=\"kevin-dorman\" tag=\"Kevin
        Dorman\" thumb=\"https://metadata-static.plex.tv/0/people/0d8caa61a5de24a683621f61cdccb81c.jpg\"
        role=\"Recom Mansk\" directory=\"1\"/><Role key=\"/library/sections/home/all?actor=5d7768b33ab0e7001f5083c5&amp;type=99&amp;availabilityType=free\"
        id=\"5d7768b33ab0e7001f5083c5\" order=\"26\" slug=\"alicia-vela-bailey\" tag=\"Alicia
        Vela-Bailey\" thumb=\"https://metadata-static.plex.tv/1/people/11326c6c902885e091a418f0fd56b4e6.jpg\"
        role=\"Recom Zdinarsik\" directory=\"1\"/><Role key=\"/library/sections/home/all?actor=5d7768468a7581001f12f8b8&amp;type=99&amp;availabilityType=free\"
        id=\"5d7768468a7581001f12f8b8\" order=\"27\" slug=\"sean-anthony-moran\" tag=\"Sean
        Anthony Moran\" thumb=\"https://metadata-static.plex.tv/4/people/4565ab8f734cef18db882fb0fda8552e.jpg\"
        role=\"Recom Fike\" directory=\"1\"/><Role key=\"/library/sections/home/all?actor=5d776abffb0d55001f54fb9c&amp;type=99&amp;availabilityType=free\"
        id=\"5d776abffb0d55001f54fb9c\" order=\"28\" slug=\"andrew-arrabito\" tag=\"Andrew
        Arrabito\" thumb=\"https://metadata-static.plex.tv/6/people/6eb54e597af041679d8e3f7a4da5ead2.jpg\"
        role=\"Recom Prager\" directory=\"1\"/><Role key=\"/library/sections/home/all?actor=5d777073ad5437001f822978&amp;type=99&amp;availabilityType=free\"
        id=\"5d777073ad5437001f822978\" order=\"29\" slug=\"johnny-alexander\" tag=\"Johnny
        Alexander\" thumb=\"https://metadata-static.plex.tv/5/people/51c96db74069ecd7cf2f853e14cada98.jpg\"
        role=\"Recom Ja\" directory=\"1\"/><Role key=\"/library/sections/home/all?actor=6392ed8e9f97c890128662c6&amp;type=99&amp;availabilityType=free\"
        id=\"6392ed8e9f97c890128662c6\" order=\"30\" slug=\"kim-do-8\" tag=\"Kim Do\"
        role=\"Recom Zhang\" directory=\"1\"/><Role key=\"/library/sections/home/all?actor=5d776eda51dd69001fe4fb5d&amp;type=99&amp;availabilityType=free\"
        id=\"5d776eda51dd69001fe4fb5d\" order=\"31\" slug=\"victor-lopez\" tag=\"Victor
        T. Lopez\" role=\"Recom Lopez\" directory=\"1\"/><Role key=\"/library/sections/home/all?actor=5d776b4b9ab5440021509b85&amp;type=99&amp;availabilityType=free\"
        id=\"5d776b4b9ab5440021509b85\" order=\"32\" slug=\"maria-walker\" tag=\"Maria
        Walker\" thumb=\"https://metadata-static.plex.tv/people/5d776b4b9ab5440021509b85.jpg\"
        role=\"Recom Walker\" directory=\"1\"/><Role key=\"/library/sections/home/all?actor=5d776876d11dd3002022641a&amp;type=99&amp;availabilityType=free\"
        id=\"5d776876d11dd3002022641a\" order=\"33\" slug=\"phil-brown-2\" tag=\"Phil
        Brown\" thumb=\"https://metadata-static.plex.tv/5/people/54df98be4258b2dba4d106784d77a9e7.jpg\"
        role=\"Stringer\" directory=\"1\"/><Role key=\"/library/sections/home/all?actor=5d7768abad5437001f74c903&amp;type=99&amp;availabilityType=free\"
        id=\"5d7768abad5437001f74c903\" order=\"34\" slug=\"jocelyn-christian\" tag=\"Jocelyn
        Christian\" thumb=\"https://metadata-static.plex.tv/people/5d7768abad5437001f74c903.jpg\"
        role=\"Bio Lab Tech\" directory=\"1\"/><Role key=\"/library/sections/home/all?actor=5d7768268a7581001f12bde5&amp;type=99&amp;availabilityType=free\"
        id=\"5d7768268a7581001f12bde5\" order=\"35\" slug=\"joel-tobeck\" tag=\"Joel
        Tobeck\" thumb=\"https://metadata-static.plex.tv/people/5d7768268a7581001f12bde5.jpg\"
        role=\"Neuroscientist\" directory=\"1\"/><Role key=\"/library/sections/home/all?actor=5f4062262e2b260040b14b88&amp;type=99&amp;availabilityType=free\"
        id=\"5f4062262e2b260040b14b88\" order=\"36\" slug=\"moana-ete\" tag=\"Moana
        Ete\" role=\"Female Med-Tech\" directory=\"1\"/><Role key=\"/library/sections/home/all?actor=5d776a3396b655001fde63e7&amp;type=99&amp;availabilityType=free\"
        id=\"5d776a3396b655001fde63e7\" order=\"37\" slug=\"phil-peleton\" tag=\"Phil
        Peleton\" thumb=\"https://metadata-static.plex.tv/c/people/cfcb1cbdfd4aa88ca05d6e1e21410e2b.jpg\"
        role=\"Male Med-Tech\" directory=\"1\"/><Role key=\"/library/sections/home/all?actor=5d776c459ab5440021514ce6&amp;type=99&amp;availabilityType=free\"
        id=\"5d776c459ab5440021514ce6\" order=\"38\" slug=\"jamie-landau\" tag=\"Jamie
        Landau\" thumb=\"https://metadata-static.plex.tv/d/people/debb6ec40a92ddc84b9681639cd7a342.jpg\"
        role=\"Metkayina Warrior\" directory=\"1\"/><Role key=\"/library/sections/home/all?actor=6392ed8f8a73723d92adef7e&amp;type=99&amp;availabilityType=free\"
        id=\"6392ed8f8a73723d92adef7e\" order=\"39\" slug=\"jim-moore-63\" tag=\"Jim
        Moore\" role=\"Mako Sub #1 Pilot\" directory=\"1\"/><Role key=\"/library/sections/home/all?actor=5d776cb8594b2b001e6fbb7f&amp;type=99&amp;availabilityType=free\"
        id=\"5d776cb8594b2b001e6fbb7f\" order=\"40\" slug=\"benjamin-hoetjes\" tag=\"Benjamin
        Hoetjes\" thumb=\"https://metadata-static.plex.tv/people/5d776cb8594b2b001e6fbb7f.jpg\"
        role=\"Mako Sub #1 Gunner\" directory=\"1\"/><Role key=\"/library/sections/home/all?actor=5f404bc6bf3e560040bdad00&amp;type=99&amp;availabilityType=free\"
        id=\"5f404bc6bf3e560040bdad00\" order=\"41\" slug=\"nikita-tu-bryant\" tag=\"Nikita
        Tu Bryant\" role=\"Mako Sub #2 Pilot\" directory=\"1\"/><Role key=\"/library/sections/home/all?actor=5d77687e6f4521001eaa972c&amp;type=99&amp;availabilityType=free\"
        id=\"5d77687e6f4521001eaa972c\" order=\"42\" slug=\"anthony-ahern\" tag=\"Anthony
        Ahern\" thumb=\"https://metadata-static.plex.tv/people/5d77687e6f4521001eaa972c.jpg\"
        role=\"Mako Sub #2 Gunner\" directory=\"1\"/><Role key=\"/library/sections/home/all?actor=5d776826103a2d001f563f23&amp;type=99&amp;availabilityType=free\"
        id=\"5d776826103a2d001f563f23\" order=\"43\" slug=\"shane-rangi\" tag=\"Shane
        Rangi\" thumb=\"https://metadata-static.plex.tv/a/people/a360939f5e312729a2dc2edc4c26fc56.jpg\"
        role=\"Matador Co-Pilot\" directory=\"1\"/><Role key=\"/library/sections/home/all?actor=6390bdf5a110c93704466cf0&amp;type=99&amp;availabilityType=free\"
        id=\"6390bdf5a110c93704466cf0\" order=\"44\" slug=\"rick-lucas-8\" tag=\"Rick
        Lucas\" role=\"Kestrel Pilot\" directory=\"1\"/><Role key=\"/library/sections/home/all?actor=5d7768f5594b2b001e699747&amp;type=99&amp;availabilityType=free\"
        id=\"5d7768f5594b2b001e699747\" order=\"45\" slug=\"tanya-drewery\" tag=\"Tanya
        Drewery\" thumb=\"https://metadata-static.plex.tv/e/people/e4186ec9153c689bbad48933d89fd928.jpg\"
        role=\"Neurotech #1\" directory=\"1\"/><Role key=\"/library/sections/home/all?actor=5eb29114d33656004282406a&amp;type=99&amp;availabilityType=free\"
        id=\"5eb29114d33656004282406a\" order=\"46\" slug=\"ava-diakhaby\" tag=\"Ava
        Diakhaby\" thumb=\"https://metadata-static.plex.tv/people/5eb29114d33656004282406a.jpg\"
        role=\"Neurotech #2\" directory=\"1\"/><Role key=\"/library/sections/home/all?actor=5e16579a91c2030041235417&amp;type=99&amp;availabilityType=free\"
        id=\"5e16579a91c2030041235417\" order=\"47\" slug=\"isaac-te-reina-2\" tag=\"Isaac
        Te Reina\" role=\"Sea Dragon First Mate\" directory=\"1\"/><Role key=\"/library/sections/home/all?actor=6390bdf5a110c93704466cf1&amp;type=99&amp;availabilityType=free\"
        id=\"6390bdf5a110c93704466cf1\" order=\"48\" slug=\"eric-farmer-4\" tag=\"Eric
        Farmer\" role=\"Crabsuit Pilot\" directory=\"1\"/><Role key=\"/library/sections/home/all?actor=6390bdf5a110c93704466cf2&amp;type=99&amp;availabilityType=free\"
        id=\"6390bdf5a110c93704466cf2\" order=\"49\" slug=\"philip-mtambo\" tag=\"Philip
        Mtambo\" role=\"Skel Trooper\" directory=\"1\"/><Role key=\"/library/sections/home/all?actor=6390bdf5a110c93704466cf3&amp;type=99&amp;availabilityType=free\"
        id=\"6390bdf5a110c93704466cf3\" order=\"50\" slug=\"daniel-lough\" tag=\"Daniel
        Lough\" role=\"Spider Double\" directory=\"1\"/><Role key=\"/library/sections/home/all?actor=6390bdf5a110c93704466cf4&amp;type=99&amp;availabilityType=free\"
        id=\"6390bdf5a110c93704466cf4\" order=\"51\" slug=\"cruz-moir-2\" tag=\"Cruz
        Moir\" role=\"Young Spider\" directory=\"1\"/><Role key=\"/library/sections/home/all?actor=6390bdf5a110c93704466cf5&amp;type=99&amp;availabilityType=free\"
        id=\"6390bdf5a110c93704466cf5\" order=\"52\" slug=\"alex-lucas-16\" tag=\"Alex
        Lucas\" role=\"Toddler Spider\" directory=\"1\"/><Role key=\"/library/sections/home/all?actor=5d776d5d9ab544002151df0f&amp;type=99&amp;availabilityType=free\"
        id=\"5d776d5d9ab544002151df0f\" order=\"53\" slug=\"scarlett-fernandez\" tag=\"Scarlett
        Fernandez\" thumb=\"https://metadata-static.plex.tv/5/people/5c20e57d34d7804909d6223d5fbe5f66.jpg\"
        role=\"Young Kiri\" directory=\"1\"/><Role key=\"/library/sections/home/all?actor=5d7768bb96b655001fdc043d&amp;type=99&amp;availabilityType=free\"
        id=\"5d7768bb96b655001fdc043d\" order=\"54\" slug=\"chloe-coleman\" tag=\"Chloe
        Coleman\" thumb=\"https://metadata-static.plex.tv/6/people/61f7aa05f809abee44bb63285672ba59.jpg\"
        role=\"Young Lo&apos;ak\" directory=\"1\"/><Role key=\"/library/sections/home/all?actor=5e1656ea91c20300412342e7&amp;type=99&amp;availabilityType=free\"
        id=\"5e1656ea91c20300412342e7\" order=\"55\" slug=\"jeremy-irwin\" tag=\"Jeremy
        Irwin\" thumb=\"https://metadata-static.plex.tv/b/people/b67ce1bb670e06d439beb87fdfcc37ec.jpg\"
        role=\"Young Neteyam\" directory=\"1\"/><Role key=\"/library/sections/home/all?actor=5d776c167a53e9001e73931d&amp;type=99&amp;availabilityType=free\"
        id=\"5d776c167a53e9001e73931d\" order=\"56\" slug=\"jake-mclean\" tag=\"Jake
        McLean\" role=\"Na&apos;vi (uncredited)\" directory=\"1\"/><Role key=\"/library/sections/home/all?actor=5d7768faad5437001f7548d4&amp;type=99&amp;availabilityType=free\"
        id=\"5d7768faad5437001f7548d4\" order=\"57\" slug=\"cj-jones\" tag=\"CJ Jones\"
        thumb=\"https://metadata-static.plex.tv/e/people/eeb146c03fe1fcfb584084666170f710.jpg\"
        role=\"Metkayina Interpreter (uncredited)\" directory=\"1\"/><Director key=\"/library/sections/home/all?director=5d776824151a60001f24a3bc&amp;type=99&amp;availabilityType=free\"
        id=\"5d776824151a60001f24a3bc\" slug=\"james-cameron\" tag=\"James Cameron\"
        thumb=\"https://metadata-static.plex.tv/2/people/2cd0c7b1e5201e54cd9cca57a4b15f3f.jpg\"
        role=\"Director\" directory=\"1\"/><Producer key=\"/library/sections/home/all?producer=5d776824151a60001f24a3bc&amp;type=99&amp;availabilityType=free\"
        id=\"5d776824151a60001f24a3bc\" slug=\"james-cameron\" tag=\"James Cameron\"
        thumb=\"https://metadata-static.plex.tv/2/people/2cd0c7b1e5201e54cd9cca57a4b15f3f.jpg\"
        role=\"Producer\" directory=\"1\"/><Producer key=\"/library/sections/home/all?producer=62fb7cbae0fd83affa30fa17&amp;type=99&amp;availabilityType=free\"
        id=\"62fb7cbae0fd83affa30fa17\" slug=\"jon-landau-2\" tag=\"Jon Landau\" thumb=\"https://metadata-static.plex.tv/d/people/ddb5b6248dda8b3dce30b5d5ec47c20a.jpg\"
        role=\"Producer\" directory=\"1\"/><Writer key=\"/library/sections/home/all?writer=5d776824151a60001f24a3bc&amp;type=99&amp;availabilityType=free\"
        id=\"5d776824151a60001f24a3bc\" slug=\"james-cameron\" tag=\"James Cameron\"
        thumb=\"https://metadata-static.plex.tv/2/people/2cd0c7b1e5201e54cd9cca57a4b15f3f.jpg\"
        role=\"Story\" directory=\"1\"/><Writer key=\"/library/sections/home/all?writer=5d77683654c0f0001f303c03&amp;type=99&amp;availabilityType=free\"
        id=\"5d77683654c0f0001f303c03\" slug=\"rick-jaffa\" tag=\"Rick Jaffa\" thumb=\"https://metadata-static.plex.tv/people/5d77683654c0f0001f303c03.jpg\"
        role=\"Story\" directory=\"1\"/><Writer key=\"/library/sections/home/all?writer=5d7768366f4521001ea9c49e&amp;type=99&amp;availabilityType=free\"
        id=\"5d7768366f4521001ea9c49e\" slug=\"amanda-silver\" tag=\"Amanda Silver\"
        thumb=\"https://metadata-static.plex.tv/people/5d7768366f4521001ea9c49e.jpg\"
        role=\"Story\" directory=\"1\"/><Writer key=\"/library/sections/home/all?writer=5d77686d6f4521001eaa67b4&amp;type=99&amp;availabilityType=free\"
        id=\"5d77686d6f4521001eaa67b4\" slug=\"josh-friedman\" tag=\"Josh Friedman\"
        thumb=\"https://metadata-static.plex.tv/3/people/3b314b2d74ac3ec8142d4e293993c34a.jpg\"
        role=\"Story\" directory=\"1\"/><Writer key=\"/library/sections/home/all?writer=5d77682685719b001f3a0b28&amp;type=99&amp;availabilityType=free\"
        id=\"5d77682685719b001f3a0b28\" slug=\"shane-salerno\" tag=\"Shane Salerno\"
        thumb=\"https://metadata-static.plex.tv/9/people/961761ac4b7faae9f961dff3931a889b.jpg\"
        role=\"Story\" directory=\"1\"/><Similar guid=\"plex://movie/5d776d057a53e9001e74ed5d\"
        tag=\"Avatar\"/><Similar guid=\"plex://movie/5d776b5df617c900201752a7\" tag=\"Puss
        in Boots: The Last Wish\"/><Similar guid=\"plex://movie/5d776ca79ab544002151945c\"
        tag=\"Black Adam\"/><Similar guid=\"plex://movie/5d77702e6afb3d0020613fd1\"
        tag=\"Black Panther: Wakanda Forever\"/><Similar guid=\"plex://movie/5e161a83bea6ac004126e148\"
        tag=\"Ant\u2010Man and the Wasp: Quantumania\"/><Similar guid=\"plex://movie/5e165afd20b9e6003e35a05b\"
        tag=\"Glass Onion\"/><Similar guid=\"plex://movie/5e5d3b055267d4004009b14c\"
        tag=\"Infelices para Siempre\"/><Similar guid=\"plex://movie/5e5d3b0bc20b28003df9e33f\"
        tag=\"Creed III\"/><Similar guid=\"plex://movie/608c2a7f3389fe002c942e3c\"
        tag=\"Diabolik \u2010 Ginko all&apos;attacco!\"/><Similar guid=\"plex://movie/613c7a5176e17c043fc1e8d7\"
        tag=\"Diabolik: Ginko Attacks\"/><Similar guid=\"plex://movie/62665a7dafa6cfe387fe7916\"
        tag=\"Winnie\u2010the\u2010Pooh: Blood and Honey\"/><Studio tag=\"20th Century
        Studios\"/><Studio tag=\"Lightstorm Entertainment\"/><Summary size=\"100\"
        tag=\"When a familiar threat resurfaces, Jake and Neytiri must protect their
        children and their planet.\" type=\"default\"/><Summary size=\"250\" tag=\"Jake
        Sully, Neytiri and their children explore the mysterious lands of Pandora.
        When a familiar threat resurfaces, they must fight a difficult war to protect
        their planet.\" type=\"default\"/><Summary size=\"500\" tag=\"Set more than
        a decade after the events of the first film, learn the story of the Sully
        family (Jake, Neytiri, and their kids), the trouble that follows them, the
        lengths they go to keep each other safe, the battles they fight to stay alive,
        and the tragedies they endure.\" type=\"default\"/><Summary size=\"250\" tag=\"In
        &quot;Avatar: The Way of Water,&quot; Jake Sully and his family navigate perilous
        waters as they seek refuge with the oceanic Metkayina clan. Facing human threats
        and discovering deep connections, they must unite to protect their home and
        family in a stunning aquatic world.\" type=\"custom\"/></Video></MediaContainer>"
    headers:
      Access-Control-Allow-Origin:
      - '*'
      CF-Cache-Status:
      - BYPASS
      CF-RAY:
      - 8c035b1d9a797fe1-IAD
      Cache-Control:
      - no-store
      Connection:
      - keep-alive
      Content-Encoding:
      - gzip
      Content-Type:
      - application/xml; charset=utf-8
      Cross-Origin-Resource-Policy:
      - cross-origin
      Date:
      - Mon, 09 Sep 2024 01:20:27 GMT
      ETag:
      - W/"6453-xhZpTKa54OE2Hy6T7en2Np8zdrw"
      Origin-Agent-Cluster:
      - ?1
      Referrer-Policy:
      - no-referrer
      Server:
      - cloudflare
      Strict-Transport-Security:
      - max-age=31536000; includeSubDomains; preload
      Transfer-Encoding:
      - chunked
      Vary:
      - Accept-Encoding
      X-Content-Type-Options:
      - nosniff
      X-DNS-Prefetch-Control:
      - 'off'
      X-Download-Options:
      - noopen
      X-Frame-Options:
      - SAMEORIGIN
      X-Permitted-Cross-Domain-Policies:
      - none
      X-Plex-Container-Start:
      - '0'
      X-Plex-Container-Total-Size:
      - '1'
      X-Plex-Timestamp:
      - '1725844827'
      X-Plex-Version:
      - 1f408f258867ac3b5038210fc4360453a7f61825
      X-XSS-Protection:
      - 1; mode=block
    status:
      code: 200
      message: OK
- request:
    body: null
    headers:
      Accept:
      - '*/*'
      Accept-Encoding:
      - gzip, deflate, br
      Connection:
      - keep-alive
      Cookie:
      - _my-plex_session_32=b0VxbGtZTUxMOEdmZEJlWTRpajlQallwMGlac0JYdlFCMU9KRTVkV2x1Uy9WRzlaVWRKb25ldU9Ea0UxQXBZV2pjV0RncWIwcHN6WlNVbnhsN2JiRHc9PS0tcW5oY3A4Mm11UEwxQ1o1RFE4Qmpvdz09--7e969f24ddd2e40d8d98cd06eba1731f2f74a1cb
      User-Agent:
      - python-requests/2.32.3
      X-Plex-Client-Identifier:
      - '0xe04cb4ea03'
      X-Plex-Device:
      - Windows
      X-Plex-Device-Name:
      - Champ
      X-Plex-Features:
      - external-media
      X-Plex-Language:
      - en
      X-Plex-Platform:
      - Windows
      X-Plex-Platform-Version:
      - '10'
      X-Plex-Product:
      - PlexAPI
      X-Plex-Provides:
      - controller
      X-Plex-Sync-Version:
      - '2'
      X-Plex-Token:
      - KxvLMr_sVisr5AsAXBU7
      X-Plex-Version:
      - 4.15.16
    method: GET
    uri: https://metadata.provider.plex.tv/library/metadata/5d776ca79ab544002151945c?includeBandwidths=1&includeChapters=1&includeGeolocation=1&includeLoudnessRamps=1&includeMarkers=1&includeUserState=1
  response:
    body:
      string: '<?xml version="1.0"?><MediaContainer librarySectionID="home" librarySectionTitle="Metadata"
        offset="0" totalSize="1" identifier="tv.plex.provider.metadata" size="1"><Video
        art="https://metadata-static.plex.tv/a/gracenote/a9ba652c2b4bc621c2b7229d15b1d11d.jpg"
        banner="https://artworks.thetvdb.com/banners/v4/movie/33190/banners/64ff03d608d00.jpg"
        guid="plex://movie/5d776ca79ab544002151945c" key="/library/metadata/5d776ca79ab544002151945c"
        rating="3.9" ratingKey="5d776ca79ab544002151945c" studio="New Line Cinema"
        summary="Nearly 5,000 years after he was bestowed with the almighty powers
        of the Egyptian gods--and imprisoned just as quickly--Black Adam is freed
        from his earthly tomb, ready to unleash his unique form of justice on the
        modern world." tagline="Power born from rage." type="movie" thumb="https://metadata-static.plex.tv/c/gracenote/c16be7b0133d85a154ec16a4ed4e1209.jpg"
        addedAt="1666137600" duration="7500000" publicPagesURL="https://watch.plex.tv/movie/black-adam"
        slug="black-adam" expiresAt="1893455940" watchlistedAt="1725844815" viewCount="0"
        viewOffset="0" title="Black Adam" contentRating="PG-13" originallyAvailableAt="2022-10-19"
        year="2022" audienceRating="8.8" audienceRatingImage="rottentomatoes://image.rating.upright"
        ratingImage="rottentomatoes://image.rating.rotten" imdbRatingCount="280345"><Image
        alt="Black Adam" type="background" url="https://metadata-static.plex.tv/a/gracenote/a9ba652c2b4bc621c2b7229d15b1d11d.jpg"/><Image
        alt="Black Adam" type="banner" url="https://artworks.thetvdb.com/banners/v4/movie/33190/banners/64ff03d608d00.jpg"/><Image
        alt="Black Adam" type="clearLogo" url="https://metadata-static.plex.tv/1/683a142553/1b3105476a90c6e68d5a965a89909b77.png"/><Image
        alt="Black Adam" type="clearLogoWide" url="https://metadata-static.plex.tv/1/683a142553/1b3105476a90c6e68d5a965a89909b77.png"/><Image
        alt="Black Adam" type="coverArt" url="https://metadata-static.plex.tv/2/gracenote/29f0275f6682bc2376ce073a8692352c.jpg"/><Image
        alt="Black Adam" type="coverPoster" url="https://metadata-static.plex.tv/c/gracenote/c16be7b0133d85a154ec16a4ed4e1209.jpg"/><Image
        alt="Black Adam" type="coverSquare" url="https://metadata-static.plex.tv/e/gracenote/e45015e75f033828b7624e3f548fbd06.jpg"/><Image
        alt="Black Adam" type="snapshot" url="https://metadata-static.plex.tv/9/gracenote/941bed7eb235c10bc794c876d4a4de13.jpg"/><Genre
        filter="genre=5d9c046c2192ba001f2ff6c4" id="5d9c046c2192ba001f2ff6c4" key="/library/sections/home/all?genre=5d9c046c2192ba001f2ff6c4"
        ratingKey="genre_5d9c046c2192ba001f2ff6c4" slug="sci-fi" tag="Sci-Fi" directory="1"
        context="tag.genre"/><Genre filter="genre=5d9c046c705e7a001e6c8daa" id="5d9c046c705e7a001e6c8daa"
        key="/library/sections/home/all?genre=5d9c046c705e7a001e6c8daa" ratingKey="genre_5d9c046c705e7a001e6c8daa"
        slug="fantasy" tag="Fantasy" directory="1" context="tag.genre"/><Genre filter="genre=5d9c046c2192ba001f2ff6c2"
        id="5d9c046c2192ba001f2ff6c2" key="/library/sections/home/all?genre=5d9c046c2192ba001f2ff6c2"
        ratingKey="genre_5d9c046c2192ba001f2ff6c2" slug="action" tag="Action" directory="1"
        context="tag.genre"/><Genre filter="genre=5d9c046c2192ba001f2ff6c3" id="5d9c046c2192ba001f2ff6c3"
        key="/library/sections/home/all?genre=5d9c046c2192ba001f2ff6c3" ratingKey="genre_5d9c046c2192ba001f2ff6c3"
        slug="adventure" tag="Adventure" directory="1" context="tag.genre"/><Guid
        id="imdb://tt6443346"/><Guid id="tmdb://436270"/><Guid id="tvdb://33190"/><Rating
        image="imdb://image.rating" type="audience" value="6.2"/><Rating image="rottentomatoes://image.rating.rotten"
        type="critic" value="3.9"/><Rating image="rottentomatoes://image.rating.upright"
        type="audience" value="8.8"/><Rating image="themoviedb://image.rating" type="audience"
        value="6.92"/><Country tag="United States of America"/><Role key="/library/sections/home/all?actor=5d77682b6f4521001ea99f61&amp;type=99&amp;availabilityType=free"
        id="5d77682b6f4521001ea99f61" order="1" slug="dwayne-johnson" tag="Dwayne
        Johnson" thumb="https://metadata-static.plex.tv/7/people/7e551aecd263c173101c3f70732026e0.jpg"
        role="Black Adam / Teth Adam" directory="1"/><Role key="/library/sections/home/all?actor=5d77682aeb5d26001f1de2e5&amp;type=99&amp;availabilityType=free"
        id="5d77682aeb5d26001f1de2e5" order="2" slug="aldis-hodge" tag="Aldis Hodge"
        thumb="https://metadata-static.plex.tv/8/people/87fb354a5f989c7670bf09cfd5724eef.jpg"
        role="Hawkman / Carter Hall" directory="1"/><Role key="/library/sections/home/all?actor=5d776875594b2b001e68cf0e&amp;type=99&amp;availabilityType=free"
        id="5d776875594b2b001e68cf0e" order="3" slug="noah-centineo" tag="Noah Centineo"
        thumb="https://metadata-static.plex.tv/4/people/49ad13c4e3264c57d611ec66890022bf.jpg"
        role="Atom Smasher / Al Rothstein" directory="1"/><Role key="/library/sections/home/all?actor=5d7768373c3c2a001fbcec67&amp;type=99&amp;availabilityType=free"
        id="5d7768373c3c2a001fbcec67" order="4" slug="sarah-shahi" tag="Sarah Shahi"
        thumb="https://metadata-static.plex.tv/1/people/19e4a1774c66145a0b2c7f5904044564.jpg"
        role="Adrianna Tomaz" directory="1"/><Role key="/library/sections/home/all?actor=5d77704ef617c9002019d014&amp;type=99&amp;availabilityType=free"
        id="5d77704ef617c9002019d014" order="5" slug="quintessa-swindell" tag="Quintessa
        Swindell" thumb="https://metadata-static.plex.tv/0/people/081431a65b81d29c15394264085a7068.jpg"
        role="Cyclone / Maxine Hunkel" directory="1"/><Role key="/library/sections/home/all?actor=5d7768783ab0e7001f502170&amp;type=99&amp;availabilityType=free"
        id="5d7768783ab0e7001f502170" order="6" slug="marwan-kenzari" tag="Marwan
        Kenzari" thumb="https://metadata-static.plex.tv/0/people/03f16daa58d21ab24a541ae53acb4daa.jpg"
        role="Ishmael / Sabbac / King Ahk-Ton" directory="1"/><Role key="/library/sections/home/all?actor=5d7769b796b655001fdd7728&amp;type=99&amp;availabilityType=free"
        id="5d7769b796b655001fdd7728" order="7" slug="mohammed-amer" tag="Mo Amer"
        thumb="https://metadata-static.plex.tv/5/people/50fd7c2119650329507ee472ee5fe1f4.jpg"
        role="Karim" directory="1"/><Role key="/library/sections/home/all?actor=5e1657f461c6140040d90066&amp;type=99&amp;availabilityType=free"
        id="5e1657f461c6140040d90066" order="8" slug="bodhi-sabongui-2" tag="Bodhi
        Sabongui" thumb="https://metadata-static.plex.tv/5/people/52025f5c8753005de6fefa0ff52a563a.jpg"
        role="Amon Tomaz" directory="1"/><Role key="/library/sections/home/all?actor=5d7768255af944001f1f63cb&amp;type=99&amp;availabilityType=free"
        id="5d7768255af944001f1f63cb" order="9" slug="pierce-brosnan" tag="Pierce
        Brosnan" thumb="https://metadata-static.plex.tv/2/people/281dfdd26037421400604d541d118daf.jpg"
        role="Dr. Fate / Kent Nelson" directory="1"/><Role key="/library/sections/home/all?actor=5e16599a316a39003efa65b6&amp;type=99&amp;availabilityType=free"
        id="5e16599a316a39003efa65b6" order="10" slug="james-cusati-moyer-2" tag="James
        Cusati-Moyer" thumb="https://metadata-static.plex.tv/f/people/ff72dae10ba5ed89ddcf6c88e143b35f.jpg"
        role="Samir" directory="1"/><Role key="/library/sections/home/all?actor=5d776d8523d5a3001f523ee1&amp;type=99&amp;availabilityType=free"
        id="5d776d8523d5a3001f523ee1" order="11" slug="jalon-christian" tag="Jalon
        Christian" thumb="https://metadata-static.plex.tv/4/people/49e0866d8d7b2eb5f007c46ad4c8d118.jpg"
        role="Hurut" directory="1"/><Role key="/library/sections/home/all?actor=5d776a7d96b655001fdeffa5&amp;type=99&amp;availabilityType=free"
        id="5d776a7d96b655001fdeffa5" order="12" slug="benjamin-patterson" tag="Benjamin
        Patterson" thumb="https://metadata-static.plex.tv/people/5d776a7d96b655001fdeffa5.jpg"
        role="Skinny Teth Adam" directory="1"/><Role key="/library/sections/home/all?actor=5e1641debc1372003ea77c2f&amp;type=99&amp;availabilityType=free"
        id="5e1641debc1372003ea77c2f" order="13" slug="odelya-halevi" tag="Odelya
        Halevi" thumb="https://metadata-static.plex.tv/people/5e1641debc1372003ea77c2f.jpg"
        role="Shiruta" directory="1"/><Role key="/library/sections/home/all?actor=5d776989ad5437001f75fca8&amp;type=99&amp;availabilityType=free"
        id="5d776989ad5437001f75fca8" order="14" slug="uli-latukefu" tag="Uli Latukefu"
        thumb="https://metadata-static.plex.tv/people/5d776989ad5437001f75fca8.jpg"
        role="The Champion" directory="1"/><Role key="/library/sections/home/all?actor=5d7768517e9a3c0020c70b0d&amp;type=99&amp;availabilityType=free"
        id="5d7768517e9a3c0020c70b0d" order="15" slug="jennifer-holland" tag="Jennifer
        Holland" thumb="https://metadata-static.plex.tv/f/people/f9a5aad24dcc9ff05bed825d2d44a209.jpg"
        role="Emilia Harcourt" directory="1"/><Role key="/library/sections/home/all?actor=5d77682d54f42c001f8c35f6&amp;type=99&amp;availabilityType=free"
        id="5d77682d54f42c001f8c35f6" order="16" slug="henry-winkler" tag="Henry Winkler"
        thumb="https://metadata-static.plex.tv/2/people/23bed3b71421ba84c0862e861992e953.jpg"
        role="Uncle Al" directory="1"/><Role key="/library/sections/home/all?actor=5d7768337e9a3c0020c6c4df&amp;type=99&amp;availabilityType=free"
        id="5d7768337e9a3c0020c6c4df" order="17" slug="chaim-girafi" tag="Chaim Jeraffi"
        thumb="https://metadata-static.plex.tv/people/5d7768337e9a3c0020c6c4df.jpg"
        role="Djau" directory="1"/><Role key="/library/sections/home/all?actor=5d7768bb1999bc0020dcf72f&amp;type=99&amp;availabilityType=free"
        id="5d7768bb1999bc0020dcf72f" order="18" slug="sharon-gee" tag="Sharon Gee"
        thumb="https://metadata-static.plex.tv/people/5d7768bb1999bc0020dcf72f.jpg"
        role="Mrs. Farmer" directory="1"/><Role key="/library/sections/home/all?actor=5d776826999c64001ec2c667&amp;type=99&amp;availabilityType=free"
        id="5d776826999c64001ec2c667" order="19" slug="stephan-jones" tag="Stephan
        Jones" thumb="https://metadata-static.plex.tv/people/5d776826999c64001ec2c667.jpg"
        role="Commander" directory="1"/><Role key="/library/sections/home/all?actor=5d77705f6afb3d0020618a40&amp;type=99&amp;availabilityType=free"
        id="5d77705f6afb3d0020618a40" order="20" slug="a-manuel-miranda" tag="A. Manuel
        Miranda" thumb="https://metadata-static.plex.tv/8/people/8da7e96eea9c3109b0ad2967290eb070.jpg"
        role="Ancient Mine Soldier" directory="1"/><Role key="/library/sections/home/all?actor=5d7768267228e5001f1dcdb9&amp;type=99&amp;availabilityType=free"
        id="5d7768267228e5001f1dcdb9" order="21" slug="djimon-hounsou" tag="Djimon
        Hounsou" thumb="https://metadata-static.plex.tv/2/people/2b58e4d57c581ab16b89a3867d0c6f88.jpg"
        role="Wizard" directory="1"/><Role key="/library/sections/home/all?actor=5d7769eb594b2b001e6ae0a6&amp;type=99&amp;availabilityType=free"
        id="5d7769eb594b2b001e6ae0a6" order="22" slug="raj-kala" tag="Raj Kala" role="Wizard
        #1" directory="1"/><Role key="/library/sections/home/all?actor=5f3fb38dbf3e560040aeed45&amp;type=99&amp;availabilityType=free"
        id="5f3fb38dbf3e560040aeed45" order="23" slug="e-lloyd-napier-2" tag="E. Lloyd
        Napier" role="Wizard #2" directory="1"/><Role key="/library/sections/home/all?actor=5f3fc468be690b00430da7ff&amp;type=99&amp;availabilityType=free"
        id="5f3fc468be690b00430da7ff" order="24" slug="kiara-rashawn" tag="Kiara Rashawn"
        thumb="https://metadata-static.plex.tv/c/people/c5971456a1ebd2f134616314baf10377.jpg"
        role="Wizard #3" directory="1"/><Role key="/library/sections/home/all?actor=605621dfca7927002cf45465&amp;type=99&amp;availabilityType=free"
        id="605621dfca7927002cf45465" order="25" slug="onye-eme-akwari" tag="Onye
        Eme-Akwari" thumb="https://metadata-static.plex.tv/c/people/c2119ad19871090150f2031d5cd8f08b.jpg"
        role="Wizard #4" directory="1"/><Role key="/library/sections/home/all?actor=5d776987f617c90020161012&amp;type=99&amp;availabilityType=free"
        id="5d776987f617c90020161012" order="26" slug="sanna-erica" tag="Sanna Erica"
        role="Wizard #5" directory="1"/><Role key="/library/sections/home/all?actor=5d77688fdecfcd001f2ec56b&amp;type=99&amp;availabilityType=free"
        id="5d77688fdecfcd001f2ec56b" order="27" slug="vince-canlas" tag="Vince Canlas"
        thumb="https://metadata-static.plex.tv/9/people/9a5ef54f5ee96a20f1075739f44d535b.jpg"
        role="Wizard #6" directory="1"/><Role key="/library/sections/home/all?actor=5d7768294de0ee001fcc934d&amp;type=99&amp;availabilityType=free"
        id="5d7768294de0ee001fcc934d" order="28" slug="tonea-stewart" tag="Tonea Stewart"
        thumb="https://metadata-static.plex.tv/people/5d7768294de0ee001fcc934d.jpg"
        role="Wizard #7" directory="1"/><Role key="/library/sections/home/all?actor=5f403e2703883a0040b65035&amp;type=99&amp;availabilityType=free"
        id="5f403e2703883a0040b65035" order="29" slug="meghna-nagarajan" tag="Meghna
        Nagarajan" role="Apartment Resident" directory="1"/><Role key="/library/sections/home/all?actor=5d7768296f4521001ea99a72&amp;type=99&amp;availabilityType=free"
        id="5d7768296f4521001ea99a72" order="30" slug="patrick-sabongui" tag="Patrick
        Sabongui" thumb="https://metadata-static.plex.tv/people/5d7768296f4521001ea99a72.jpg"
        role="Rami" directory="1"/><Role key="/library/sections/home/all?actor=5f406986c63b480040e6b7a4&amp;type=99&amp;availabilityType=free"
        id="5f406986c63b480040e6b7a4" order="31" slug="alex-parkinson-3" tag="Alex
        Parkinson" role="Chauffeur" directory="1"/><Role key="/library/sections/home/all?actor=5d776833880197001ec92fef&amp;type=99&amp;availabilityType=free"
        id="5d776833880197001ec92fef" order="32" slug="joseph-gatt" tag="Joseph Gatt"
        thumb="https://metadata-static.plex.tv/4/people/4b70c579b81c0dcef80aacc11075c626.jpg"
        role="Intergang Squad Leader" directory="1"/><Role key="/library/sections/home/all?actor=5d77704e594b2b001e7488f0&amp;type=99&amp;availabilityType=free"
        id="5d77704e594b2b001e7488f0" order="33" slug="kamen-casey" tag="Kamen Casey"
        role="Intergang Pilot #2" directory="1"/><Role key="/library/sections/home/all?actor=5f40088ecc4920003b2defd8&amp;type=99&amp;availabilityType=free"
        id="5f40088ecc4920003b2defd8" order="34" slug="dennis-dawson-3" tag="Dennis
        Dawson" role="Intergang Pilot #3" directory="1"/><Role key="/library/sections/home/all?actor=5d776aad7a53e9001e70c403&amp;type=99&amp;availabilityType=free"
        id="5d776aad7a53e9001e70c403" order="35" slug="mike-senior" tag="Mike Senior"
        thumb="https://metadata-static.plex.tv/people/5d776aad7a53e9001e70c403.jpg"
        role="Intergang Pilot #4" directory="1"/><Role key="/library/sections/home/all?actor=5d776ca97a53e9001e7498d1&amp;type=99&amp;availabilityType=free"
        id="5d776ca97a53e9001e7498d1" order="36" slug="jermaine-rivers" tag="Jermaine
        Rivers" thumb="https://metadata-static.plex.tv/8/people/86e21fd353cdaba7c5437f699f0adb19.jpg"
        role="Intergang Sniper" directory="1"/><Role key="/library/sections/home/all?actor=5d776b8d96b655001fe14d02&amp;type=99&amp;availabilityType=free"
        id="5d776b8d96b655001fe14d02" order="37" slug="regina-ting-chen" tag="Regina
        Ting Chen" thumb="https://metadata-static.plex.tv/people/5d776b8d96b655001fe14d02.jpg"
        role="Helicopter #1 Pilot #1" directory="1"/><Role key="/library/sections/home/all?actor=5d776a9bfb0d55001f54b3e1&amp;type=99&amp;availabilityType=free"
        id="5d776a9bfb0d55001f54b3e1" order="38" slug="sekou-laidlow" tag="Sekou Laidlow"
        thumb="https://metadata-static.plex.tv/7/people/70c1768d0a7100e12dacb3b35dd78c10.jpg"
        role="Helicopter #2 Pilot #1" directory="1"/><Role key="/library/sections/home/all?actor=5d776a5d7a53e9001e7031de&amp;type=99&amp;availabilityType=free"
        id="5d776a5d7a53e9001e7031de" order="39" slug="cameron-moir" tag="Cameron
        Moir" role="Helicopter #2 Pilot #2" directory="1"/><Role key="/library/sections/home/all?actor=5d776b057a53e9001e7173f5&amp;type=99&amp;availabilityType=free"
        id="5d776b057a53e9001e7173f5" order="40" slug="donny-carrington" tag="Donny
        Carrington" thumb="https://metadata-static.plex.tv/2/people/206aa11e6f98b60f78227d7e440ecd94.jpg"
        role="Checkpoint Mercenary #1" directory="1"/><Role key="/library/sections/home/all?actor=5d776ea496b655001fe6ed27&amp;type=99&amp;availabilityType=free"
        id="5d776ea496b655001fe6ed27" order="41" slug="boone-platt" tag="Boone Platt"
        thumb="https://metadata-static.plex.tv/9/people/9b1e73639147b14f55b30ffbfb12611c.jpg"
        role="Checkpoint Mercenary #2" directory="1"/><Role key="/library/sections/home/all?actor=5d776a637a53e9001e703d8a&amp;type=99&amp;availabilityType=free"
        id="5d776a637a53e9001e703d8a" order="42" slug="philip-fornah" tag="Philip
        Fornah" thumb="https://metadata-static.plex.tv/people/5d776a637a53e9001e703d8a.jpg"
        role="Squad Mercenary #1" directory="1"/><Role key="/library/sections/home/all?actor=5d776c46ad5437001f7b92a3&amp;type=99&amp;availabilityType=free"
        id="5d776c46ad5437001f7b92a3" order="43" slug="derek-russo" tag="Derek Russo"
        thumb="https://metadata-static.plex.tv/0/people/0219fd9ad18fbd918bc179a257cc7fa2.jpg"
        role="Squad Mercenary #2" directory="1"/><Role key="/library/sections/home/all?actor=5f40496003883a0040b7da84&amp;type=99&amp;availabilityType=free"
        id="5f40496003883a0040b7da84" order="44" slug="angel-rosario-jr" tag="Angel
        Rosario Jr." thumb="https://metadata-static.plex.tv/d/people/df9829e888f4f0d2afb9e355e6076c96.jpg"
        role="Squad Mercenary #3" directory="1"/><Role key="/library/sections/home/all?actor=5d7768c0594b2b001e694b65&amp;type=99&amp;availabilityType=free"
        id="5d7768c0594b2b001e694b65" order="45" slug="tang-nguyen" tag="Tang Nguyen"
        thumb="https://metadata-static.plex.tv/people/5d7768c0594b2b001e694b65.jpg"
        role="Squad Mercenary #13" directory="1"/><Role key="/library/sections/home/all?actor=5d7769217a53e9001e6e2541&amp;type=99&amp;availabilityType=free"
        id="5d7769217a53e9001e6e2541" order="46" slug="christopher-matthew-cook" tag="Christopher
        Matthew Cook" thumb="https://metadata-static.plex.tv/a/people/a9a1dcccb957f472dbba4284647b66cb.jpg"
        role="Stairwell Mercenary #1" directory="1"/><Role key="/library/sections/home/all?actor=5f400bf6fea1a1003f9cf6ca&amp;type=99&amp;availabilityType=free"
        id="5f400bf6fea1a1003f9cf6ca" order="47" slug="natasha-ellie" tag="Natasha
        Ellie" role="Stairwell Mercenary #2" directory="1"/><Role key="/library/sections/home/all?actor=5fc5183ac2dddc002e5c78c5&amp;type=99&amp;availabilityType=free"
        id="5fc5183ac2dddc002e5c78c5" order="48" slug="daniel-danca" tag="Daniel Danca"
        thumb="https://metadata-static.plex.tv/4/people/4aad3a38f72835b57e617959e19fdda1.jpg"
        role="Stairwell Mercenary #3" directory="1"/><Role key="/library/sections/home/all?actor=5f3fd8b902101b0040ee37d5&amp;type=99&amp;availabilityType=free"
        id="5f3fd8b902101b0040ee37d5" order="49" slug="yssa-mei-panganiban" tag="Yssa
        Mei Panganiban" thumb="https://metadata-static.plex.tv/2/people/283cabcc738b5b530554b9d3f62f57a6.jpg"
        role="Stairwell Mercenary #4" directory="1"/><Role key="/library/sections/home/all?actor=5d7770d36afb3d0020622d3e&amp;type=99&amp;availabilityType=free"
        id="5d7770d36afb3d0020622d3e" order="50" slug="ben-jenkin" tag="Ben Jenkin"
        thumb="https://metadata-static.plex.tv/1/people/194eebcfc42fc411bc4682cf3371d60b.jpg"
        role="Intergang Mercenary #8" directory="1"/><Role key="/library/sections/home/all?actor=5d7768253c3c2a001fbca9ae&amp;type=99&amp;availabilityType=free"
        id="5d7768253c3c2a001fbca9ae" order="51" slug="viola-davis" tag="Viola Davis"
        thumb="https://metadata-static.plex.tv/9/people/9501c7baf753f068e0ad2a7deab335ce.jpg"
        role="Amanda Waller (uncredited)" directory="1"/><Role key="/library/sections/home/all?actor=5d77682ca091de001f2e6ddf&amp;type=99&amp;availabilityType=free"
        id="5d77682ca091de001f2e6ddf" order="52" slug="henry-cavill" tag="Henry Cavill"
        thumb="https://metadata-static.plex.tv/d/people/d46d5497e40dd26785aba801cbe60ee0.jpg"
        role="Clark Kent / Superman (uncredited)" directory="1"/><Role key="/library/sections/home/all?actor=5d77685b8a7581001f1311d0&amp;type=99&amp;availabilityType=free"
        id="5d77685b8a7581001f1311d0" order="53" slug="natalie-burn" tag="Natalie
        Burn" thumb="https://metadata-static.plex.tv/8/people/8b74e252c836859942da632f5b2b682c.jpg"
        role="Revolutionary Mercenary #1 (uncredited)" directory="1"/><Role key="/library/sections/home/all?actor=62fe2a3125e7591a51008d78&amp;type=99&amp;availabilityType=free"
        id="62fe2a3125e7591a51008d78" order="54" slug="maurice-t-johnson-2" tag="Maurice
        T. Johnson" role="Ancient Slave (uncredited)" directory="1"/><Role key="/library/sections/home/all?actor=5f92fe5498a852002ecf4e7b&amp;type=99&amp;availabilityType=free"
        id="5f92fe5498a852002ecf4e7b" order="55" slug="tre-ryan-2" tag="Tre Ryan"
        role="Mercenary (uncredited)" directory="1"/><Role key="/library/sections/home/all?actor=604338ed2f70d4002db3bb1d&amp;type=99&amp;availabilityType=free"
        id="604338ed2f70d4002db3bb1d" order="56" slug="vanessa-vega-rivera" tag="Vanessa
        Vega Rivera" role="Khandaqi Resident (uncredited)" directory="1"/><Director
        key="/library/sections/home/all?director=5d776834eb5d26001f1e096a&amp;type=99&amp;availabilityType=free"
        id="5d776834eb5d26001f1e096a" slug="jaume-collet-serra" tag="Jaume Collet-Serra"
        thumb="https://metadata-static.plex.tv/7/people/73dfb43fc89f7ad36e35db295de95b93.jpg"
        role="Director" directory="1"/><Producer key="/library/sections/home/all?producer=5d776a2c7a53e9001e6fc574&amp;type=99&amp;availabilityType=free"
        id="5d776a2c7a53e9001e6fc574" slug="hiram-garcia" tag="Hiram Garcia" thumb="https://metadata-static.plex.tv/c/people/c377d82acbb787e23e7f40050d1d4ed2.jpg"
        role="Producer" directory="1"/><Producer key="/library/sections/home/all?producer=5d77682d4de0ee001fcc9ef7&amp;type=99&amp;availabilityType=free"
        id="5d77682d4de0ee001fcc9ef7" slug="beau-flynn" tag="Beau Flynn" role="Producer"
        directory="1"/><Producer key="/library/sections/home/all?producer=5d77699c7a53e9001e6eb058&amp;type=99&amp;availabilityType=free"
        id="5d77699c7a53e9001e6eb058" slug="dany-garcia" tag="Dany Garcia" thumb="https://metadata-static.plex.tv/b/people/b345872ca8266df6d739b5aa4a7a7982.jpg"
        role="Producer" directory="1"/><Producer key="/library/sections/home/all?producer=5d77682b6f4521001ea99f61&amp;type=99&amp;availabilityType=free"
        id="5d77682b6f4521001ea99f61" slug="dwayne-johnson" tag="Dwayne Johnson" thumb="https://metadata-static.plex.tv/7/people/7e551aecd263c173101c3f70732026e0.jpg"
        role="Producer" directory="1"/><Writer key="/library/sections/home/all?writer=5d77684c103a2d001f56c6f3&amp;type=99&amp;availabilityType=free"
        id="5d77684c103a2d001f56c6f3" slug="adam-sztykiel" tag="Adam Sztykiel" role="Writer"
        directory="1"/><Writer key="/library/sections/home/all?writer=64b01a96c1c7f707625784f4&amp;type=99&amp;availabilityType=free"
        id="64b01a96c1c7f707625784f4" slug="rory-haines-2" tag="Rory Haines" role="Writer"
        directory="1"/><Writer key="/library/sections/home/all?writer=6320962335207c7911d42e37&amp;type=99&amp;availabilityType=free"
        id="6320962335207c7911d42e37" slug="sohrab-noshirvani-2" tag="Sohrab Noshirvani"
        role="Writer" directory="1"/><Similar guid="plex://movie/62ce982e5017b5b6852b5c06"
        tag="R.I.P.D. 2: Rise of the Damned"/><Similar guid="plex://movie/5d77702e6afb3d0020613fd1"
        tag="Black Panther: Wakanda Forever"/><Similar guid="plex://movie/5d77706981ba41001faefb19"
        tag="M3GAN"/><Similar guid="plex://movie/5d776b6df617c90020175f1a" tag="Guillermo
        del Toro&apos;s Pinocchio"/><Similar guid="plex://movie/5f40912204a8650040aec05e"
        tag="Terrifier 2"/><Similar guid="plex://movie/5f0e8e3139312e00423eec29" tag="The
        Woman King"/><Similar guid="plex://movie/5f461bef56ed9f003f2dda70" tag="Troll"/><Similar
        guid="plex://movie/5fd3b6d0f95f07002d6bd6f5" tag="The Guardians of the Galaxy
        Holiday Special"/><Similar guid="plex://movie/614edf4304d54032654b3027" tag="Smile"/><Similar
        guid="plex://movie/5d7770e4fb0d55001f5fb3ce" tag="Violent Night"/><Studio
        tag="New Line Cinema"/><Studio tag="Flynn Picture Company"/><Studio tag="DC
        Films"/><Studio tag="Seven Bucks Productions"/><Studio tag="Warner Bros. Pictures"/><Summary
        size="100" tag="Based on the comic books." type="default"/><Summary size="250"
        tag="Bestowed with the almighty powers of the gods, Black Adam&apos;s unique
        form of justice, born out of rage, is challenged by modern-day heroes who
        form the Justice Society: Hawkman, Dr. Fate, Atom Smasher and Cyclone." type="default"/><Summary
        size="500" tag="In ancient Kahndaq, Teth Adam was bestowed the almighty powers
        of the gods. After using these powers for vengeance, he was imprisoned, becoming
        Black Adam. Nearly 5,000 years have passed, and Black Adam has gone from man
        to myth to legend. Now free, his unique form of justice, born out of rage,
        is challenged by modern-day heroes who form the Justice Society: Hawkman,
        Dr. Fate, Atom Smasher and Cyclone." type="default"/><Summary size="250" tag="In
        &quot;Black Adam,&quot; Dwayne Johnson transforms into Teth-Adam, an ancient
        hero awakened in modern Kahndaq. As he confronts his dark past and newfound
        powers, the Justice Society of America fights to temper his fury, leading
        to a clash of ideologies and epic battles." type="custom"/></Video></MediaContainer>'
    headers:
      Access-Control-Allow-Origin:
      - '*'
      CF-Cache-Status:
      - BYPASS
      CF-RAY:
      - 8c035b1e6b537fe1-IAD
      Cache-Control:
      - no-store
      Connection:
      - keep-alive
      Content-Encoding:
      - gzip
      Content-Type:
      - application/xml; charset=utf-8
      Cross-Origin-Resource-Policy:
      - cross-origin
      Date:
      - Mon, 09 Sep 2024 01:20:28 GMT
      ETag:
      - W/"5fe5-KUngPY/wFBiq1ZB+cJfnbo3pdcQ"
      Origin-Agent-Cluster:
      - ?1
      Referrer-Policy:
      - no-referrer
      Server:
      - cloudflare
      Strict-Transport-Security:
      - max-age=31536000; includeSubDomains; preload
      Transfer-Encoding:
      - chunked
      Vary:
      - Accept-Encoding
      X-Content-Type-Options:
      - nosniff
      X-DNS-Prefetch-Control:
      - 'off'
      X-Download-Options:
      - noopen
      X-Frame-Options:
      - SAMEORIGIN
      X-Permitted-Cross-Domain-Policies:
      - none
      X-Plex-Container-Start:
      - '0'
      X-Plex-Container-Total-Size:
      - '1'
      X-Plex-Timestamp:
      - '1725844828'
      X-Plex-Version:
      - 1f408f258867ac3b5038210fc4360453a7f61825
      X-XSS-Protection:
      - 1; mode=block
    status:
      code: 200
      message: OK
- request:
    body: null
    headers:
      Accept:
      - '*/*'
      Accept-Encoding:
      - gzip, deflate, br
      Connection:
      - keep-alive
      Cookie:
      - _my-plex_session_32=b0VxbGtZTUxMOEdmZEJlWTRpajlQallwMGlac0JYdlFCMU9KRTVkV2x1Uy9WRzlaVWRKb25ldU9Ea0UxQXBZV2pjV0RncWIwcHN6WlNVbnhsN2JiRHc9PS0tcW5oY3A4Mm11UEwxQ1o1RFE4Qmpvdz09--7e969f24ddd2e40d8d98cd06eba1731f2f74a1cb
      User-Agent:
      - python-requests/2.32.3
      X-Plex-Client-Identifier:
      - '0xe04cb4ea03'
      X-Plex-Device:
      - Windows
      X-Plex-Device-Name:
      - Champ
      X-Plex-Features:
      - external-media
      X-Plex-Language:
      - en
      X-Plex-Platform:
      - Windows
      X-Plex-Platform-Version:
      - '10'
      X-Plex-Product:
      - PlexAPI
      X-Plex-Provides:
      - controller
      X-Plex-Sync-Version:
      - '2'
      X-Plex-Token:
      - KxvLMr_sVisr5AsAXBU7
      X-Plex-Version:
      - 4.15.16
    method: GET
    uri: https://metadata.provider.plex.tv/library/metadata/621656cb3f91a0bf1bbdb41e?includeBandwidths=1&includeChapters=1&includeGeolocation=1&includeLoudnessRamps=1&includeMarkers=1&includeUserState=1
  response:
    body:
      string: "<?xml version=\"1.0\"?><MediaContainer librarySectionID=\"home\" librarySectionTitle=\"Metadata\"
        offset=\"0\" totalSize=\"1\" identifier=\"tv.plex.provider.metadata\" size=\"1\"><Directory
        art=\"https://image.tmdb.org/t/p/original/vO3I7ZpSQIZXVeRfexxbvkqQjZE.jpg\"
        banner=\"https://artworks.thetvdb.com/banners/v4/series/400160/banners/62a26374cd99d.jpg\"
        guid=\"plex://show/621656cb3f91a0bf1bbdb41e\" key=\"/library/metadata/621656cb3f91a0bf1bbdb41e/children\"
        ratingKey=\"621656cb3f91a0bf1bbdb41e\" studio=\"HBO Latin America\" summary=\"Nadia
        and Mart\xEDn live in the historical &quot;Condesa&quot; in Mexico City. Both
        are artists and share their home with a stray dog, Amsterdam. Beautiful Mexican
        scenery and portrayal of life in one of the city&apos;s most popular and artistic
        areas.\" type=\"show\" thumb=\"https://image.tmdb.org/t/p/original/K7SQz8lDXvObNF86bDFlhiyuLZ.jpg\"
        addedAt=\"1647734400\" duration=\"2280000\" publicPagesURL=\"https://watch.plex.tv/show/amsterdam\"
        slug=\"amsterdam\" watchlistedAt=\"1725844815\" viewedLeafCount=\"0\" title=\"Amsterdam\"
        leafCount=\"10\" childCount=\"1\" contentRating=\"TV-MA\" originallyAvailableAt=\"2022-03-20\"
        year=\"2022\" audienceRating=\"6\" audienceRatingImage=\"rottentomatoes://image.rating.upright\"
        imdbRatingCount=\"386\"><Image alt=\"Amsterdam\" type=\"background\" url=\"https://image.tmdb.org/t/p/original/vO3I7ZpSQIZXVeRfexxbvkqQjZE.jpg\"/><Image
        alt=\"Amsterdam\" type=\"banner\" url=\"https://artworks.thetvdb.com/banners/v4/series/400160/banners/62a26374cd99d.jpg\"/><Image
        alt=\"Amsterdam\" type=\"clearLogo\" url=\"https://metadata-static.plex.tv/e/683a142553/ed1efd2c83a26984b91c8bf5915bbbfd.png\"/><Image
        alt=\"Amsterdam\" type=\"clearLogoWide\" url=\"https://metadata-static.plex.tv/e/683a142553/ed1efd2c83a26984b91c8bf5915bbbfd.png\"/><Image
        alt=\"Amsterdam\" type=\"coverArt\" url=\"https://image.tmdb.org/t/p/original/vDHB5f2F2v1EgfZCwySnK9DQIZ7.jpg\"/><Image
        alt=\"Amsterdam\" type=\"coverPoster\" url=\"https://image.tmdb.org/t/p/original/K7SQz8lDXvObNF86bDFlhiyuLZ.jpg\"/><Genre
        filter=\"genre=5d9c046c705e7a001e6c8d9a\" id=\"5d9c046c705e7a001e6c8d9a\"
        key=\"/library/sections/home/all?genre=5d9c046c705e7a001e6c8d9a\" ratingKey=\"genre_5d9c046c705e7a001e6c8d9a\"
        slug=\"drama\" tag=\"Drama\" directory=\"1\" context=\"tag.genre\"/><Genre
        filter=\"genre=5d9c046c705e7a001e6c8d99\" id=\"5d9c046c705e7a001e6c8d99\"
        key=\"/library/sections/home/all?genre=5d9c046c705e7a001e6c8d99\" ratingKey=\"genre_5d9c046c705e7a001e6c8d99\"
        slug=\"comedy\" tag=\"Comedy\" directory=\"1\" context=\"tag.genre\"/><Genre
        filter=\"genre=5d9c046c705e7a001e6c8d9b\" id=\"5d9c046c705e7a001e6c8d9b\"
        key=\"/library/sections/home/all?genre=5d9c046c705e7a001e6c8d9b\" ratingKey=\"genre_5d9c046c705e7a001e6c8d9b\"
        slug=\"romance\" tag=\"Romance\" directory=\"1\" context=\"tag.genre\"/><Guid
        id=\"imdb://tt18814244\"/><Guid id=\"tmdb://158336\"/><Guid id=\"tvdb://400160\"/><Rating
        image=\"imdb://image.rating\" type=\"audience\" value=\"7.1\"/><Rating image=\"rottentomatoes://image.rating.upright\"
        type=\"audience\" value=\"6\"/><Rating image=\"themoviedb://image.rating\"
        type=\"audience\" value=\"4.2\"/><Country tag=\"Mexico\"/><Role key=\"/library/sections/home/all?actor=63209228ca2e5616ff4ce5bf&amp;type=99&amp;availabilityType=free\"
        id=\"63209228ca2e5616ff4ce5bf\" order=\"1\" slug=\"sebastian-buitron-2\" tag=\"Sebasti\xE1n
        Buitr\xF3n\" role=\"Mart\xEDn\" directory=\"1\"/><Role key=\"/library/sections/home/all?actor=5d7769aa23d5a3001f4facfc&amp;type=99&amp;availabilityType=free\"
        id=\"5d7769aa23d5a3001f4facfc\" order=\"2\" slug=\"naian-gonzalez-norvind\"
        tag=\"Naian Gonz\xE1lez Norvind\" thumb=\"https://metadata-static.plex.tv/0/people/06f5f46503da3ad32f1f86ce5f06d020.jpg\"
        role=\"Nadia\" directory=\"1\"/><Role key=\"/library/sections/home/all?actor=5d776aed7a53e9001e713ce9&amp;type=99&amp;availabilityType=free\"
        id=\"5d776aed7a53e9001e713ce9\" order=\"3\" slug=\"maria-evoli\" tag=\"Mar\xEDa
        Evoli\" thumb=\"https://metadata-static.plex.tv/b/people/b93d880733718bd43d27750ba7433440.jpg\"
        role=\"Laura\" directory=\"1\"/><Role key=\"/library/sections/home/all?actor=5d776a46fb0d55001f54072f&amp;type=99&amp;availabilityType=free\"
        id=\"5d776a46fb0d55001f54072f\" order=\"4\" slug=\"danae-reynaud\" tag=\"Danae
        Reynaud\" thumb=\"https://metadata-static.plex.tv/people/5d776a46fb0d55001f54072f.jpg\"
        role=\"Violeta\" directory=\"1\"/><Role key=\"/library/sections/home/all?actor=5d776ad351dd69001fe28d4c&amp;type=99&amp;availabilityType=free\"
        id=\"5d776ad351dd69001fe28d4c\" order=\"5\" slug=\"marcelo-subiotto\" tag=\"Marcelo
        Subiotto\" thumb=\"https://metadata-static.plex.tv/people/5d776ad351dd69001fe28d4c.jpg\"
        role=\"L\xF3pez\" directory=\"1\"/><Role key=\"/library/sections/home/all?actor=5d776a4d23d5a3001f502eec&amp;type=99&amp;availabilityType=free\"
        id=\"5d776a4d23d5a3001f502eec\" order=\"6\" slug=\"sebastian-aguirre\" tag=\"Sebasti\xE1n
        Aguirre\" thumb=\"https://metadata-static.plex.tv/c/people/c3e055ecc3ebd01504d9032a7794d1af.jpg\"
        role=\"Andy\" directory=\"1\"/><Role key=\"/library/sections/home/all?actor=5d7768b9594b2b001e693e9f&amp;type=99&amp;availabilityType=free\"
        id=\"5d7768b9594b2b001e693e9f\" order=\"7\" slug=\"martha-cristiana\" tag=\"Martha
        Cristiana Merino\" thumb=\"https://metadata-static.plex.tv/people/5d7768b9594b2b001e693e9f.jpg\"
        role=\"Virginia\" directory=\"1\"/><Role key=\"/library/sections/home/all?actor=5e23e65ca85af200409e463c&amp;type=99&amp;availabilityType=free\"
        id=\"5e23e65ca85af200409e463c\" order=\"8\" slug=\"pierre-louis-2\" tag=\"Pierre
        Louis\" thumb=\"https://metadata-static.plex.tv/people/5e23e65ca85af200409e463c.jpg\"
        role=\"Antonio\" directory=\"1\"/><Role key=\"/library/sections/home/all?actor=5d7769c296b655001fdd86cf&amp;type=99&amp;availabilityType=free\"
        id=\"5d7769c296b655001fdd86cf\" order=\"9\" slug=\"ximena-gonzalez-rubio\"
        tag=\"Ximena Rubio\" thumb=\"https://metadata-static.plex.tv/b/people/beda148039e3fbb3c8009400e44a5fbc.jpg\"
        role=\"Lola\" directory=\"1\"/><Role key=\"/library/sections/home/all?actor=5d776b8747dd6e001f6e040b&amp;type=99&amp;availabilityType=free\"
        id=\"5d776b8747dd6e001f6e040b\" order=\"10\" slug=\"begona-narvaez\" tag=\"Bego\xF1a
        Narv\xE1ez\" thumb=\"https://metadata-static.plex.tv/a/people/a9dbddfc6b0de05747726ea2fd629093.jpg\"
        role=\"Paty\" directory=\"1\"/><Role key=\"/library/sections/home/all?actor=5f85d45f7209590041c559b1&amp;type=99&amp;availabilityType=free\"
        id=\"5f85d45f7209590041c559b1\" order=\"11\" slug=\"pia-watson-3\" tag=\"Pia
        Watson\" role=\"Caro\" directory=\"1\"/><Role key=\"/library/sections/home/all?actor=5d776aad47dd6e001f6d5d45&amp;type=99&amp;availabilityType=free\"
        id=\"5d776aad47dd6e001f6d5d45\" order=\"12\" slug=\"hoze-melendez\" tag=\"Hoze
        Mel\xE9ndez\" thumb=\"https://metadata-static.plex.tv/9/people/98d875fc025dc3a1005086436ec3cd39.jpg\"
        role=\"Cherny\" directory=\"1\"/><Director key=\"/library/sections/home/all?director=5d7768bb33f255001e85e232&amp;type=99&amp;availabilityType=free\"
        id=\"5d7768bb33f255001e85e232\" slug=\"gustavo-taretto\" tag=\"Gustavo Taretto\"
        thumb=\"https://metadata-static.plex.tv/f/people/f5b34eb48a445ff59f92baa82829a967.jpg\"
        role=\"Director\" directory=\"1\"/><Producer key=\"/library/sections/home/all?producer=5d7768bb33f255001e85e233&amp;type=99&amp;availabilityType=free\"
        id=\"5d7768bb33f255001e85e233\" slug=\"natacha-cervi\" tag=\"Natacha Cervi\"
        role=\"Executive Producer\" directory=\"1\"/><Producer key=\"/library/sections/home/all?producer=5d77706acfbb56001fb88993&amp;type=99&amp;availabilityType=free\"
        id=\"5d77706acfbb56001fb88993\" slug=\"luis-peraza\" tag=\"Luis Peraza\" role=\"Executive
        Producer\" directory=\"1\"/><Producer key=\"/library/sections/home/all?producer=5d776f0696b655001fe7bc23&amp;type=99&amp;availabilityType=free\"
        id=\"5d776f0696b655001fe7bc23\" slug=\"sandino-saravia\" tag=\"Sandino Saravia\"
        role=\"Executive Producer\" directory=\"1\"/><Producer key=\"/library/sections/home/all?producer=5d77706acfbb56001fb8898e&amp;type=99&amp;availabilityType=free\"
        id=\"5d77706acfbb56001fb8898e\" slug=\"paul-drago-2\" tag=\"Paul Drago\" role=\"Executive
        Producer\" directory=\"1\"/><Producer key=\"/library/sections/home/all?producer=5e16401e2d4d84003e49a8d4&amp;type=99&amp;availabilityType=free\"
        id=\"5e16401e2d4d84003e49a8d4\" slug=\"gabriela-remirez-de-estenoz-2\" tag=\"Gabriela
        Remirez de Estenoz\" role=\"Executive Producer\" directory=\"1\"/><Writer
        key=\"/library/sections/home/all?writer=5d7768bb33f255001e85e232&amp;type=99&amp;availabilityType=free\"
        id=\"5d7768bb33f255001e85e232\" slug=\"gustavo-taretto\" tag=\"Gustavo Taretto\"
        thumb=\"https://metadata-static.plex.tv/f/people/f5b34eb48a445ff59f92baa82829a967.jpg\"
        role=\"Writer\" directory=\"1\"/><Network tag=\"HBO Latin America\"/><SeasonType
        id=\"tmdbAiring\" source=\"tmdb\" tag=\"Aired\" title=\"The Movie Database
        (Aired)\"/><SeasonType id=\"tvdbAiring\" source=\"tvdb\" tag=\"Aired\" title=\"TheTVDB
        (Aired)\"/><SeasonType id=\"tvdbDvd\" source=\"tvdb\" tag=\"DVD\" title=\"TheTVDB
        (DVD)\"/><SeasonType id=\"tvdbAbsolute\" source=\"tvdb\" tag=\"Absolute\"
        title=\"TheTVDB (Absolute)\"/><Similar guid=\"plex://show/5f3a40f5a8dbb60042a37d70\"
        tag=\"Pokemon Get \u2606 TV\"/><Similar guid=\"plex://show/5d9c089c3c3f87001f353a4c\"
        tag=\"A Duck&apos;s Life\"/><Similar guid=\"plex://show/615f11ce82f4a6c27387a21b\"
        tag=\"BKM Mutfak Stand\u2010Up\"/><Similar guid=\"plex://show/655149c53fe0e3567a331be5\"
        tag=\"Northern Lights\"/><Similar guid=\"plex://show/667550581263debf1a425cf8\"
        tag=\"\u041C\u0430\u0442\u0440\u0451\u0448\u043A\u0430\"/><Similar guid=\"plex://show/5d9c0821e264b7001fc3cccc\"
        tag=\"Boku no ikiru michi\"/><Similar guid=\"plex://show/5d9c08217b5c2e001e6552ec\"
        tag=\"Jackie, Ethel, Joan: The Women of Camelot\"/><Similar guid=\"plex://show/606ee9bb395d54002cf7bdb5\"
        tag=\"AWA All\u2010Star Wrestling\"/><Similar guid=\"plex://show/5e1621dcc176f9003fa4b147\"
        tag=\"I Hate Suzie\"/><Studio tag=\"HBO Latin America\"/><Studio tag=\"Cimarr\xF3n
        Cine\"/><Summary size=\"250\" tag=\"Nadia and Mart\xEDn live in the historical
        &quot;Condesa&quot; in Mexico City. Both are artists and share their home
        with a stray dog, Amsterdam. Beautiful Mexican scenery and portrayal of life
        in one of the city&apos;s most popular and artistic areas.\" type=\"default\"/></Directory></MediaContainer>"
    headers:
      Access-Control-Allow-Origin:
      - '*'
      CF-Cache-Status:
      - BYPASS
      CF-RAY:
      - 8c035b1f5c637fe1-IAD
      Cache-Control:
      - no-store
      Connection:
      - keep-alive
      Content-Encoding:
      - gzip
      Content-Type:
      - application/xml; charset=utf-8
      Cross-Origin-Resource-Policy:
      - cross-origin
      Date:
      - Mon, 09 Sep 2024 01:20:28 GMT
      ETag:
      - W/"2628-tBelUq5MgyNXcbJSgEIPUWlxDxs"
      Origin-Agent-Cluster:
      - ?1
      Referrer-Policy:
      - no-referrer
      Server:
      - cloudflare
      Strict-Transport-Security:
      - max-age=31536000; includeSubDomains; preload
      Transfer-Encoding:
      - chunked
      Vary:
      - Accept-Encoding
      X-Content-Type-Options:
      - nosniff
      X-DNS-Prefetch-Control:
      - 'off'
      X-Download-Options:
      - noopen
      X-Frame-Options:
      - SAMEORIGIN
      X-Permitted-Cross-Domain-Policies:
      - none
      X-Plex-Container-Start:
      - '0'
      X-Plex-Container-Total-Size:
      - '1'
      X-Plex-Timestamp:
      - '1725844828'
      X-Plex-Version:
      - 1f408f258867ac3b5038210fc4360453a7f61825
      X-XSS-Protection:
      - 1; mode=block
    status:
      code: 200
      message: OK
- request:
    body: null
    headers:
      Accept:
      - '*/*'
      Accept-Encoding:
      - gzip, deflate, br
      Connection:
      - keep-alive
      Cookie:
      - _my-plex_session_32=b0VxbGtZTUxMOEdmZEJlWTRpajlQallwMGlac0JYdlFCMU9KRTVkV2x1Uy9WRzlaVWRKb25ldU9Ea0UxQXBZV2pjV0RncWIwcHN6WlNVbnhsN2JiRHc9PS0tcW5oY3A4Mm11UEwxQ1o1RFE4Qmpvdz09--7e969f24ddd2e40d8d98cd06eba1731f2f74a1cb
      User-Agent:
      - python-requests/2.32.3
      X-Plex-Client-Identifier:
      - '0xe04cb4ea03'
      X-Plex-Device:
      - Windows
      X-Plex-Device-Name:
      - Champ
      X-Plex-Features:
      - external-media
      X-Plex-Language:
      - en
      X-Plex-Platform:
      - Windows
      X-Plex-Platform-Version:
      - '10'
      X-Plex-Product:
      - PlexAPI
      X-Plex-Provides:
      - controller
      X-Plex-Sync-Version:
      - '2'
      X-Plex-Token:
      - KxvLMr_sVisr5AsAXBU7
      X-Plex-Version:
      - 4.15.16
    method: GET
    uri: https://metadata.provider.plex.tv/library/metadata/5d776ca79ab544002151945c/userState
  response:
    body:
      string: <?xml version="1.0"?><MediaContainer identifier="tv.plex.provider.metadata"
        size="1"><UserState watchlistedAt="1725844815" viewCount="0" viewOffset="0"
        ratingKey="5d776ca79ab544002151945c" type="movie"/></MediaContainer>
    headers:
      Access-Control-Allow-Origin:
      - '*'
      CF-Cache-Status:
      - BYPASS
      CF-RAY:
      - 8c035b1fecf77fe1-IAD
      Cache-Control:
      - no-store
      Connection:
      - keep-alive
      Content-Encoding:
      - gzip
      Content-Type:
      - application/xml; charset=utf-8
      Cross-Origin-Resource-Policy:
      - cross-origin
      Date:
      - Mon, 09 Sep 2024 01:20:28 GMT
      ETag:
      - W/"dc-jaDZtnkVXl2npMlz6NeI/eOQM28"
      Origin-Agent-Cluster:
      - ?1
      Referrer-Policy:
      - no-referrer
      Server:
      - cloudflare
      Strict-Transport-Security:
      - max-age=31536000; includeSubDomains; preload
      Transfer-Encoding:
      - chunked
      Vary:
      - Accept-Encoding
      X-Content-Type-Options:
      - nosniff
      X-DNS-Prefetch-Control:
      - 'off'
      X-Download-Options:
      - noopen
      X-Frame-Options:
      - SAMEORIGIN
      X-Permitted-Cross-Domain-Policies:
      - none
      X-Plex-Container-Start:
      - '0'
      X-Plex-Container-Total-Size:
      - '1'
      X-Plex-Timestamp:
      - '1725844828'
      X-Plex-Version:
      - 1f408f258867ac3b5038210fc4360453a7f61825
      X-XSS-Protection:
      - 1; mode=block
      x-plex-cache:
      - miss
    status:
      code: 200
      message: OK
- request:
    body: null
    headers:
      Accept:
      - '*/*'
      Accept-Encoding:
      - gzip, deflate, br
      Connection:
      - keep-alive
      Content-Length:
      - '0'
      Cookie:
      - _my-plex_session_32=b0VxbGtZTUxMOEdmZEJlWTRpajlQallwMGlac0JYdlFCMU9KRTVkV2x1Uy9WRzlaVWRKb25ldU9Ea0UxQXBZV2pjV0RncWIwcHN6WlNVbnhsN2JiRHc9PS0tcW5oY3A4Mm11UEwxQ1o1RFE4Qmpvdz09--7e969f24ddd2e40d8d98cd06eba1731f2f74a1cb
      User-Agent:
      - python-requests/2.32.3
      X-Plex-Client-Identifier:
      - '0xe04cb4ea03'
      X-Plex-Device:
      - Windows
      X-Plex-Device-Name:
      - Champ
      X-Plex-Features:
      - external-media
      X-Plex-Language:
      - en
      X-Plex-Platform:
      - Windows
      X-Plex-Platform-Version:
      - '10'
      X-Plex-Product:
      - PlexAPI
      X-Plex-Provides:
      - controller
      X-Plex-Sync-Version:
      - '2'
      X-Plex-Token:
      - KxvLMr_sVisr5AsAXBU7
      X-Plex-Version:
      - 4.15.16
    method: PUT
    uri: https://metadata.provider.plex.tv/actions/removeFromWatchlist?ratingKey=5d776ca79ab544002151945c
  response:
    body:
      string: <?xml version="1.0"?><MediaContainer size="0"/>
    headers:
      Access-Control-Allow-Origin:
      - '*'
      CF-Cache-Status:
      - DYNAMIC
      CF-RAY:
      - 8c035b211e337fe1-IAD
      Cache-Control:
      - no-store
      Connection:
      - keep-alive
      Content-Length:
      - '47'
      Content-Type:
      - application/xml; charset=utf-8
      Cross-Origin-Resource-Policy:
      - cross-origin
      Date:
      - Mon, 09 Sep 2024 01:20:28 GMT
      ETag:
      - W/"2f-YbDylU+ETaVctM/AYzE3u53kgZE"
      Origin-Agent-Cluster:
      - ?1
      Referrer-Policy:
      - no-referrer
      Server:
      - cloudflare
      Strict-Transport-Security:
      - max-age=31536000; includeSubDomains; preload
      Vary:
      - Accept-Encoding
      X-Content-Type-Options:
      - nosniff
      X-DNS-Prefetch-Control:
      - 'off'
      X-Download-Options:
      - noopen
      X-Frame-Options:
      - SAMEORIGIN
      X-Permitted-Cross-Domain-Policies:
      - none
      X-Plex-Timestamp:
      - '1725844828'
      X-Plex-Version:
      - 1f408f258867ac3b5038210fc4360453a7f61825
      X-XSS-Protection:
      - 1; mode=block
    status:
      code: 200
      message: OK
- request:
    body: null
    headers:
      Accept:
      - '*/*'
      Accept-Encoding:
      - gzip, deflate, br
      Connection:
      - keep-alive
      Cookie:
      - _my-plex_session_32=b0VxbGtZTUxMOEdmZEJlWTRpajlQallwMGlac0JYdlFCMU9KRTVkV2x1Uy9WRzlaVWRKb25ldU9Ea0UxQXBZV2pjV0RncWIwcHN6WlNVbnhsN2JiRHc9PS0tcW5oY3A4Mm11UEwxQ1o1RFE4Qmpvdz09--7e969f24ddd2e40d8d98cd06eba1731f2f74a1cb
      User-Agent:
      - python-requests/2.32.3
      X-Plex-Client-Identifier:
      - '0xe04cb4ea03'
      X-Plex-Device:
      - Windows
      X-Plex-Device-Name:
      - Champ
      X-Plex-Features:
      - external-media
      X-Plex-Language:
      - en
      X-Plex-Platform:
      - Windows
      X-Plex-Platform-Version:
      - '10'
      X-Plex-Product:
      - PlexAPI
      X-Plex-Provides:
      - controller
      X-Plex-Sync-Version:
      - '2'
      X-Plex-Token:
      - KxvLMr_sVisr5AsAXBU7
      X-Plex-Version:
      - 4.15.16
    method: GET
    uri: https://metadata.provider.plex.tv/library/metadata/5d7768ba96b655001fdc0408/userState
  response:
    body:
      string: <?xml version="1.0"?><MediaContainer identifier="tv.plex.provider.metadata"
        size="1"><UserState watchlistedAt="1725844820" viewCount="0" viewOffset="0"
        ratingKey="5d7768ba96b655001fdc0408" type="movie"/></MediaContainer>
    headers:
      Access-Control-Allow-Origin:
      - '*'
      CF-Cache-Status:
      - BYPASS
      CF-RAY:
      - 8c035b219eac7fe1-IAD
      Cache-Control:
      - no-store
      Connection:
      - keep-alive
      Content-Encoding:
      - gzip
      Content-Type:
      - application/xml; charset=utf-8
      Cross-Origin-Resource-Policy:
      - cross-origin
      Date:
      - Mon, 09 Sep 2024 01:20:28 GMT
      ETag:
      - W/"dc-+Hth7PEPRbQeVH2/ZpCDQpTmb2s"
      Origin-Agent-Cluster:
      - ?1
      Referrer-Policy:
      - no-referrer
      Server:
      - cloudflare
      Strict-Transport-Security:
      - max-age=31536000; includeSubDomains; preload
      Transfer-Encoding:
      - chunked
      Vary:
      - Accept-Encoding
      X-Content-Type-Options:
      - nosniff
      X-DNS-Prefetch-Control:
      - 'off'
      X-Download-Options:
      - noopen
      X-Frame-Options:
      - SAMEORIGIN
      X-Permitted-Cross-Domain-Policies:
      - none
      X-Plex-Container-Start:
      - '0'
      X-Plex-Container-Total-Size:
      - '1'
      X-Plex-Timestamp:
      - '1725844828'
      X-Plex-Version:
      - 1f408f258867ac3b5038210fc4360453a7f61825
      X-XSS-Protection:
      - 1; mode=block
      x-plex-cache:
      - miss
    status:
      code: 200
      message: OK
- request:
    body: null
    headers:
      Accept:
      - '*/*'
      Accept-Encoding:
      - gzip, deflate, br
      Connection:
      - keep-alive
      Content-Length:
      - '0'
      Cookie:
      - _my-plex_session_32=b0VxbGtZTUxMOEdmZEJlWTRpajlQallwMGlac0JYdlFCMU9KRTVkV2x1Uy9WRzlaVWRKb25ldU9Ea0UxQXBZV2pjV0RncWIwcHN6WlNVbnhsN2JiRHc9PS0tcW5oY3A4Mm11UEwxQ1o1RFE4Qmpvdz09--7e969f24ddd2e40d8d98cd06eba1731f2f74a1cb
      User-Agent:
      - python-requests/2.32.3
      X-Plex-Client-Identifier:
      - '0xe04cb4ea03'
      X-Plex-Device:
      - Windows
      X-Plex-Device-Name:
      - Champ
      X-Plex-Features:
      - external-media
      X-Plex-Language:
      - en
      X-Plex-Platform:
      - Windows
      X-Plex-Platform-Version:
      - '10'
      X-Plex-Product:
      - PlexAPI
      X-Plex-Provides:
      - controller
      X-Plex-Sync-Version:
      - '2'
      X-Plex-Token:
      - KxvLMr_sVisr5AsAXBU7
      X-Plex-Version:
      - 4.15.16
    method: PUT
    uri: https://metadata.provider.plex.tv/actions/removeFromWatchlist?ratingKey=5d7768ba96b655001fdc0408
  response:
    body:
      string: <?xml version="1.0"?><MediaContainer size="0"/>
    headers:
      Access-Control-Allow-Origin:
      - '*'
      CF-Cache-Status:
      - DYNAMIC
      CF-RAY:
      - 8c035b21ff057fe1-IAD
      Cache-Control:
      - no-store
      Connection:
      - keep-alive
      Content-Length:
      - '47'
      Content-Type:
      - application/xml; charset=utf-8
      Cross-Origin-Resource-Policy:
      - cross-origin
      Date:
      - Mon, 09 Sep 2024 01:20:28 GMT
      ETag:
      - W/"2f-YbDylU+ETaVctM/AYzE3u53kgZE"
      Origin-Agent-Cluster:
      - ?1
      Referrer-Policy:
      - no-referrer
      Server:
      - cloudflare
      Strict-Transport-Security:
      - max-age=31536000; includeSubDomains; preload
      Vary:
      - Accept-Encoding
      X-Content-Type-Options:
      - nosniff
      X-DNS-Prefetch-Control:
      - 'off'
      X-Download-Options:
      - noopen
      X-Frame-Options:
      - SAMEORIGIN
      X-Permitted-Cross-Domain-Policies:
      - none
      X-Plex-Timestamp:
      - '1725844828'
      X-Plex-Version:
      - 1f408f258867ac3b5038210fc4360453a7f61825
      X-XSS-Protection:
      - 1; mode=block
    status:
      code: 200
      message: OK
- request:
    body: login=flexget_flexget&password=flexget_flexget&rememberMe=True
    headers:
      Accept:
      - '*/*'
      Accept-Encoding:
      - gzip, deflate, br
      Connection:
      - keep-alive
      Content-Length:
      - '62'
      Content-Type:
      - application/x-www-form-urlencoded
      User-Agent:
      - python-requests/2.32.3
      X-Plex-Client-Identifier:
      - '0xe04cb4ea03'
      X-Plex-Device:
      - Windows
      X-Plex-Device-Name:
      - Champ
      X-Plex-Features:
      - external-media
      X-Plex-Language:
      - en
      X-Plex-Platform:
      - Windows
      X-Plex-Platform-Version:
      - '10'
      X-Plex-Product:
      - PlexAPI
      X-Plex-Provides:
      - controller
      X-Plex-Sync-Version:
      - '2'
      X-Plex-Version:
      - 4.15.16
    method: POST
    uri: https://plex.tv/api/v2/users/signin
  response:
    body:
      string: "<?xml version=\"1.0\" encoding=\"UTF-8\"?>\n<user id=\"187797645\"
        uuid=\"d0df38378404ccb3\" username=\"flexget_flexget\" title=\"flexget_flexget\"
        email=\"polka_gill0i@icloud.com\" friendlyName=\"\" locale=\"\" confirmed=\"0\"
        joinedAt=\"1670500095\" emailOnlyAuth=\"0\" hasPassword=\"1\" protected=\"0\"
        thumb=\"https://plex.tv/users/d0df38378404ccb3/avatar?c=1725844828\" authToken=\"KxvLMr_sVisr5AsAXBU7\"
        mailingListStatus=\"unsubscribed\" mailingListActive=\"0\" scrobbleTypes=\"\"
        country=\"US\" subscriptionDescription=\"\" restricted=\"0\" anonymous=\"0\"
        home=\"0\" guest=\"0\" homeSize=\"1\" homeAdmin=\"0\" maxHomeSize=\"15\" rememberExpiresAt=\"1727054428\"
        adsConsent=\"\" adsConsentSetAt=\"\" adsConsentReminderAt=\"\" experimentalFeatures=\"0\"
        twoFactorEnabled=\"0\" backupCodesCreated=\"0\" attributionPartner=\"\">\n
        \ <subscription active=\"0\" subscribedAt=\"\" status=\"Inactive\" paymentService=\"\"
        plan=\"\">\n    <features>\n      <feature id=\"guided-upgrade\"/>\n      <feature
        id=\"increase-password-complexity\"/>\n      <feature id=\"upgrade-3ds2\"/>\n
        \     <feature id=\"ad-countdown-timer\"/>\n      <feature id=\"adaptive_bitrate\"/>\n
        \     <feature id=\"amazon-loop-debug\"/>\n      <feature id=\"Android - Dolby
        Vision\"/>\n      <feature id=\"Android - PiP\"/>\n      <feature id=\"avod-ad-analysis\"/>\n
        \     <feature id=\"avod-new-media\"/>\n      <feature id=\"blacklist_get_signin\"/>\n
        \     <feature id=\"CU Sunset\"/>\n      <feature id=\"client-radio-stations\"/>\n
        \     <feature id=\"cloudflare-turnstile-required\"/>\n      <feature id=\"comments_and_replies_push_notifications\"/>\n
        \     <feature id=\"friend_request_push_notifications\"/>\n      <feature
        id=\"community_access_plex_tv\"/>\n      <feature id=\"companions_sonos\"/>\n
        \     <feature id=\"custom-home-removal\"/>\n      <feature id=\"disable_home_user_friendships\"/>\n
        \     <feature id=\"disable_sharing_friendships\"/>\n      <feature id=\"drm_support\"/>\n
        \     <feature id=\"le_isrg_root_x1\"/>\n      <feature id=\"federated-auth\"/>\n
        \     <feature id=\"home\"/>\n      <feature id=\"HRK_enable_EUR\"/>\n      <feature
        id=\"ios14-privacy-banner\"/>\n      <feature id=\"iterable-notification-tokens\"/>\n
        \     <feature id=\"keep-payment-method\"/>\n      <feature id=\"kevin-bacon\"/>\n
        \     <feature id=\"korea-consent\"/>\n      <feature id=\"lets_encrypt\"/>\n
        \     <feature id=\"lightning-dvr-pivot\"/>\n      <feature id=\"livetv\"/>\n
        \     <feature id=\"live-tv-support-incomplete-segments\"/>\n      <feature
        id=\"tuner-sharing\"/>\n      <feature id=\"metadata_search\"/>\n      <feature
        id=\"vod_cloudflare\"/>\n      <feature id=\"new_plex_pass_prices\"/>\n      <feature
        id=\"news-provider-sunset-modal\"/>\n      <feature id=\"photos-favorites\"/>\n
        \     <feature id=\"photos-metadata-edition\"/>\n      <feature id=\"pms_health\"/>\n
        \     <feature id=\"rate-limit-client-token\"/>\n      <feature id=\"shared_server_notification\"/>\n
        \     <feature id=\"shared_source_notification\"/>\n      <feature id=\"scrobbling-service-plex-tv\"/>\n
        \     <feature id=\"collections\"/>\n      <feature id=\"radio\"/>\n      <feature
        id=\"exclude restrictions\"/>\n      <feature id=\"signin_with_apple\"/>\n
        \     <feature id=\"spring_serve_ad_provider\"/>\n      <feature id=\"transcoder_cache\"/>\n
        \     <feature id=\"TREBLE-show-features\"/>\n      <feature id=\"two-factor-authentication\"/>\n
        \     <feature id=\"unsupportedtuners\"/>\n      <feature id=\"vod-schema\"/>\n
        \     <feature id=\"watch-together-invite\"/>\n      <feature id=\"web_server_dashboard\"/>\n
        \   </features>\n  </subscription>\n  <profile autoSelectAudio=\"1\" defaultAudioLanguage=\"\"
        defaultSubtitleLanguage=\"\" autoSelectSubtitle=\"1\" defaultSubtitleAccessibility=\"0\"
        defaultSubtitleForced=\"0\" watchedIndicator=\"1\" mediaReviewsVisibility=\"0\"/>\n
        \ <entitlements>\n  </entitlements>\n  <subscriptions>\n  </subscriptions>\n
        \ <pastSubscriptions>\n  </pastSubscriptions>\n  <trials>\n  </trials>\n  <services>\n
        \   <service identifier=\"epg\" endpoint=\"https://epg.provider.plex.tv\"
        token=\"RkHIzgbqTjP2giDabsWdbBB9o4YNyhS6CqbTgwfKAOc=\" secret=\"\" status=\"online\"/>\n
        \   <service identifier=\"epg-staging\" endpoint=\"https://epg-staging.provider.plex.tv\"
        token=\"RkHIzgbqTjP2giDabsWdbBB9o4YNyhS6CqbTgwfKAOc=\" secret=\"\" status=\"online\"/>\n
        \   <service identifier=\"epg-dev\" endpoint=\"https://epg-dev.provider.plex.tv\"
        token=\"RkHIzgbqTjP2giDabsWdbBB9o4YNyhS6CqbTgwfKAOc=\" secret=\"\" status=\"online\"/>\n
        \   <service identifier=\"eyeq\" endpoint=\"https://c4412416.ipg.web.cddbp.net/webapi/xml/1.0/\"
        token=\"6iUU7VrBzA/Hz5nsS9o65Yz77qvh63pYmUN+TaVHeonhsQWlzYGcsik1opEU3toj\"
        secret=\"\" status=\"online\"/>\n    <service identifier=\"eyeq-channel-icons\"
        endpoint=\"http://akamai-b.cdn.cddbp.net/cds/2.0/image\" token=\"\" secret=\"\"
        status=\"online\"/>\n    <service identifier=\"graph-dev\" endpoint=\"https://community-dev.plex.tv\"
        token=\"\" secret=\"\" status=\"online\"/>\n    <service identifier=\"graph-staging\"
        endpoint=\"https://community-staging.plex.tv\" token=\"\" secret=\"\" status=\"online\"/>\n
        \   <service identifier=\"community-dev\" endpoint=\"https://community-dev.plex.tv\"
        token=\"\" secret=\"\" status=\"online\"/>\n    <service identifier=\"community-staging\"
        endpoint=\"https://community-staging.plex.tv\" token=\"\" secret=\"\" status=\"online\"/>\n
        \   <service identifier=\"community\" endpoint=\"https://community.plex.tv\"
        token=\"\" secret=\"\" status=\"online\"/>\n    <service identifier=\"metadata\"
        endpoint=\"https://metadata.provider.plex.tv\" token=\"1vme2aaK6G8fZFtFyKeSmInEvdjpjsHEto45VgX1K0c=\"
        secret=\"\" status=\"online\"/>\n    <service identifier=\"metadata-dev\"
        endpoint=\"https://metadata-dev.provider.plex.tv\" token=\"1vme2aaK6G8fZFtFyKeSmInEvdjpjsHEto45VgX1K0c=\"
        secret=\"\" status=\"online\"/>\n    <service identifier=\"metadata-provider\"
        endpoint=\"https://mpm.plex.tv/\" token=\"\" secret=\"\" status=\"online\"/>\n
        \   <service identifier=\"tmsapi\" endpoint=\"https://tmsapi.plex.tv/v1.1/\"
        token=\"a0VC3zjGN7FmzvlZKIuRRUjLCRoQkgY2jwJsLgi8+OQ=\" secret=\"\" status=\"online\"/>\n
        \   <service identifier=\"subtitles-search\" endpoint=\"https://metadata.provider.plex.tv/library/streams/matches\"
        token=\"1vme2aaK6G8fZFtFyKeSmInEvdjpjsHEto45VgX1K0c=\" secret=\"\" status=\"online\"/>\n
        \   <service identifier=\"acoustid\" endpoint=\"https://acoustid.plex.tv/\"
        token=\"XxQtK3u05uaxTaZ6Y6jcrw==\" secret=\"\" status=\"online\"/>\n    <service
        identifier=\"lyricfind\" endpoint=\"https://lyricfind.plex.tv/\" token=\"X46ofmSoyOTWjBU4oEx0Rb0ATQjYW31IgFeXw3+/n5hMfGoF7PLEMPrLT9v/zqV1\"
        secret=\"H8q1AfgeOcf8+wx2ODos1mLBkmsSE4PMCJkkdx27xNwpzzKVV3up6gZJb+teyIOw\"
        status=\"online\"/>\n    <service identifier=\"lyricfind-search\" endpoint=\"https://lyricfind.plex.tv/\"
        token=\"4HRR+YgScsy+71q8J31KgROAuPkWvsus8XQuVFjYUiTjw5f+LesQ8MAgEcjnuYxW\"
        secret=\"\" status=\"online\"/>\n    <service identifier=\"tvdb\" endpoint=\"https://api4.thetvdb.com/\"
        token=\"CFlmhH676IvrFij0l4BR1YNRtyHjz+9EAH+GU5ZgncfJ3ufdmzWK/3giK1Ovei7u\"
        secret=\"\" status=\"online\"/>\n  </services>\n</user>\n"
    headers:
      Cache-Control:
      - max-age=0, private, must-revalidate
      Connection:
      - keep-alive
      Content-Type:
      - application/xml
      Date:
      - Mon, 09 Sep 2024 01:20:29 GMT
      ETag:
      - W/"281de1e93a9ab881006dcd476dfe0d17"
      Referrer-Policy:
      - origin-when-cross-origin
      Set-Cookie:
      - _my-plex_session_32=RUZqWFE5dldDMWIraHNjaGt0M3oyMThtejdBaHBpOEdneEZQa2M5VjVLMjdaelNkQStpS0p4WlMvZG9qOXhVY3hhQ3gyWU1VOGFvM0xzeFNtWVZCdmc9PS0tSDBEMlhobXpib2Z2OXRIakxNZ1cyZz09--2638e34e93ce571bc7b7d2f83bbd8e8b81e19f0a;
        path=/; HttpOnly; secure
      Strict-Transport-Security:
      - max-age=31536000; includeSubDomains; preload
      Transfer-Encoding:
      - chunked
      X-Content-Type-Options:
      - nosniff
      X-Frame-Options:
      - SAMEORIGIN
      X-Request-Id:
      - 66474964995a3570f3aa36684f76f31b
      X-Runtime:
      - '0.154272'
      X-XSS-Protection:
      - 1; mode=block
      vary:
      - Origin
    status:
      code: 201
      message: Created
- request:
    body: null
    headers:
      Accept:
      - '*/*'
      Accept-Encoding:
      - gzip, deflate, br
      Connection:
      - keep-alive
      Cookie:
      - _my-plex_session_32=RUZqWFE5dldDMWIraHNjaGt0M3oyMThtejdBaHBpOEdneEZQa2M5VjVLMjdaelNkQStpS0p4WlMvZG9qOXhVY3hhQ3gyWU1VOGFvM0xzeFNtWVZCdmc9PS0tSDBEMlhobXpib2Z2OXRIakxNZ1cyZz09--2638e34e93ce571bc7b7d2f83bbd8e8b81e19f0a
      User-Agent:
      - python-requests/2.32.3
      X-Plex-Client-Identifier:
      - '0xe04cb4ea03'
      X-Plex-Container-Size:
      - '100'
      X-Plex-Container-Start:
      - '0'
      X-Plex-Device:
      - Windows
      X-Plex-Device-Name:
      - Champ
      X-Plex-Features:
      - external-media
      X-Plex-Language:
      - en
      X-Plex-Platform:
      - Windows
      X-Plex-Platform-Version:
      - '10'
      X-Plex-Product:
      - PlexAPI
      X-Plex-Provides:
      - controller
      X-Plex-Sync-Version:
      - '2'
      X-Plex-Token:
      - KxvLMr_sVisr5AsAXBU7
      X-Plex-Version:
      - 4.15.16
    method: GET
    uri: https://metadata.provider.plex.tv/library/sections/watchlist/all?includeCollections=1&includeExternalMedia=1
  response:
    body:
      string: <?xml version="1.0"?><MediaContainer librarySectionID="watchlist" librarySectionTitle="Watchlist"
        offset="0" totalSize="1" identifier="tv.plex.provider.metadata" size="1"><Directory
        art="https://image.tmdb.org/t/p/original/vO3I7ZpSQIZXVeRfexxbvkqQjZE.jpg"
        banner="https://artworks.thetvdb.com/banners/v4/series/400160/banners/62a26374cd99d.jpg"
        guid="plex://show/621656cb3f91a0bf1bbdb41e" key="/library/metadata/621656cb3f91a0bf1bbdb41e/children"
        ratingKey="621656cb3f91a0bf1bbdb41e" studio="HBO Latin America" type="show"
        thumb="https://image.tmdb.org/t/p/original/K7SQz8lDXvObNF86bDFlhiyuLZ.jpg"
        addedAt="1647734400" duration="2280000" publicPagesURL="https://watch.plex.tv/show/amsterdam"
        slug="amsterdam" userState="0" title="Amsterdam" leafCount="10" childCount="1"
        contentRating="TV-MA" originallyAvailableAt="2022-03-20" year="2022" audienceRating="6"
        audienceRatingImage="rottentomatoes://image.rating.upright" imdbRatingCount="386"><Image
        alt="Amsterdam" type="background" url="https://image.tmdb.org/t/p/original/vO3I7ZpSQIZXVeRfexxbvkqQjZE.jpg"/><Image
        alt="Amsterdam" type="banner" url="https://artworks.thetvdb.com/banners/v4/series/400160/banners/62a26374cd99d.jpg"/><Image
        alt="Amsterdam" type="clearLogo" url="https://metadata-static.plex.tv/e/683a142553/ed1efd2c83a26984b91c8bf5915bbbfd.png"/><Image
        alt="Amsterdam" type="clearLogoWide" url="https://metadata-static.plex.tv/e/683a142553/ed1efd2c83a26984b91c8bf5915bbbfd.png"/><Image
        alt="Amsterdam" type="coverArt" url="https://image.tmdb.org/t/p/original/vDHB5f2F2v1EgfZCwySnK9DQIZ7.jpg"/><Image
        alt="Amsterdam" type="coverPoster" url="https://image.tmdb.org/t/p/original/K7SQz8lDXvObNF86bDFlhiyuLZ.jpg"/></Directory></MediaContainer>
    headers:
      Access-Control-Allow-Origin:
      - '*'
      CF-Cache-Status:
      - BYPASS
      CF-RAY:
      - 8c035b261b0a3b59-IAD
      Cache-Control:
      - no-store
      Connection:
      - keep-alive
      Content-Encoding:
      - gzip
      Content-Type:
      - application/xml; charset=utf-8
      Cross-Origin-Resource-Policy:
      - cross-origin
      Date:
      - Mon, 09 Sep 2024 01:20:29 GMT
      ETag:
      - W/"6a6-DEasmTDwYHve+fyBUoYjNqtioPI"
      Origin-Agent-Cluster:
      - ?1
      Referrer-Policy:
      - no-referrer
      Server:
      - cloudflare
      Strict-Transport-Security:
      - max-age=31536000; includeSubDomains; preload
      Transfer-Encoding:
      - chunked
      Vary:
      - Accept-Encoding
      X-Content-Type-Options:
      - nosniff
      X-DNS-Prefetch-Control:
      - 'off'
      X-Download-Options:
      - noopen
      X-Frame-Options:
      - SAMEORIGIN
      X-Permitted-Cross-Domain-Policies:
      - none
      X-Plex-Container-Start:
      - '0'
      X-Plex-Container-Total-Size:
      - '1'
      X-Plex-Timestamp:
      - '1725844829'
      X-Plex-Version:
      - 1f408f258867ac3b5038210fc4360453a7f61825
      X-XSS-Protection:
      - 1; mode=block
      x-plex-cache:
      - miss
    status:
      code: 200
      message: OK
- request:
    body: null
    headers:
      Accept:
      - '*/*'
      Accept-Encoding:
      - gzip, deflate, br
      Connection:
      - keep-alive
      Cookie:
      - _my-plex_session_32=RUZqWFE5dldDMWIraHNjaGt0M3oyMThtejdBaHBpOEdneEZQa2M5VjVLMjdaelNkQStpS0p4WlMvZG9qOXhVY3hhQ3gyWU1VOGFvM0xzeFNtWVZCdmc9PS0tSDBEMlhobXpib2Z2OXRIakxNZ1cyZz09--2638e34e93ce571bc7b7d2f83bbd8e8b81e19f0a
      User-Agent:
      - python-requests/2.32.3
      X-Plex-Client-Identifier:
      - '0xe04cb4ea03'
      X-Plex-Device:
      - Windows
      X-Plex-Device-Name:
      - Champ
      X-Plex-Features:
      - external-media
      X-Plex-Language:
      - en
      X-Plex-Platform:
      - Windows
      X-Plex-Platform-Version:
      - '10'
      X-Plex-Product:
      - PlexAPI
      X-Plex-Provides:
      - controller
      X-Plex-Sync-Version:
      - '2'
      X-Plex-Token:
      - KxvLMr_sVisr5AsAXBU7
      X-Plex-Version:
      - 4.15.16
    method: GET
    uri: https://metadata.provider.plex.tv/
  response:
    body:
      string: <?xml version="1.0"?><MediaProvider icon="https://provider-static.plex.tv/icons/metadata-560.svg"
        identifier="tv.plex.provider.metadata" protocols="stream" title="Metadata"
        version="1.3.0"><Feature type="metadata" key="/library/metadata"/><Feature
        type="actions"><Action id="addToWatchlist" key="/actions/addToWatchlist" reverseKey="/actions/removeFromWatchlist"/><Action
        id="rate" key="/actions/rate"/><Action id="scrobble" key="/actions/scrobble"
        reverseKey="/actions/unscrobble"/></Feature><Feature type="collection" key="/library/collections"/><Feature
        type="location" key="/location"/><Feature type="markers" key="/markers"/><Feature
        public="1" type="imagetranscoder" key="https://images.plex.tv/photo"/><Feature
        flavor="universal" type="playqueue" key="https://play.provider.plex.tv/playQueues"/><Feature
        type="match" key="/library/metadata/matches"/></MediaProvider>
    headers:
      Age:
      - '64613'
      CF-Cache-Status:
      - HIT
      CF-RAY:
      - 8c035b268b8b3b59-IAD
      Cache-Control:
      - max-age=0,stale-while-revalidate=86400
      Connection:
      - keep-alive
      Content-Encoding:
      - gzip
      Content-Type:
      - application/xml; charset=utf-8
      Date:
      - Mon, 09 Sep 2024 01:20:29 GMT
      Server:
      - cloudflare
      Transfer-Encoding:
      - chunked
      access-control-allow-origin:
      - '*'
      cdn-cache-control:
      - max-age=86400
      cross-origin-resource-policy:
      - cross-origin
      etag:
      - W/"369-LgDHfSaMCTDKhJR5CV+d/zVbjf4"
      origin-agent-cluster:
      - ?1
      referrer-policy:
      - no-referrer
      strict-transport-security:
      - max-age=31536000; includeSubDomains; preload
      vary:
      - Accept, Accept-Encoding, X-Plex-Language, X-Plex-Provider-Version
      x-content-type-options:
      - nosniff
      x-dns-prefetch-control:
      - 'off'
      x-download-options:
      - noopen
      x-frame-options:
      - SAMEORIGIN
      x-permitted-cross-domain-policies:
      - none
      x-plex-timestamp:
      - '1717565583'
      x-plex-version:
      - 1f85bbd7cf44888ff6d1bdc83632e25e969314d7
      x-xss-protection:
      - 1; mode=block
    status:
      code: 200
      message: OK
- request:
    body: null
    headers:
      Accept:
      - '*/*'
      Accept-Encoding:
      - gzip, deflate, br
      Connection:
      - keep-alive
      Cookie:
      - _my-plex_session_32=RUZqWFE5dldDMWIraHNjaGt0M3oyMThtejdBaHBpOEdneEZQa2M5VjVLMjdaelNkQStpS0p4WlMvZG9qOXhVY3hhQ3gyWU1VOGFvM0xzeFNtWVZCdmc9PS0tSDBEMlhobXpib2Z2OXRIakxNZ1cyZz09--2638e34e93ce571bc7b7d2f83bbd8e8b81e19f0a
      User-Agent:
      - python-requests/2.32.3
      X-Plex-Client-Identifier:
      - '0xe04cb4ea03'
      X-Plex-Device:
      - Windows
      X-Plex-Device-Name:
      - Champ
      X-Plex-Features:
      - external-media
      X-Plex-Language:
      - en
      X-Plex-Platform:
      - Windows
      X-Plex-Platform-Version:
      - '10'
      X-Plex-Product:
      - PlexAPI
      X-Plex-Provides:
      - controller
      X-Plex-Sync-Version:
      - '2'
      X-Plex-Token:
      - KxvLMr_sVisr5AsAXBU7
      X-Plex-Version:
      - 4.15.16
    method: GET
    uri: https://metadata.provider.plex.tv/library/metadata/621656cb3f91a0bf1bbdb41e?includeBandwidths=1&includeChapters=1&includeGeolocation=1&includeLoudnessRamps=1&includeMarkers=1&includeUserState=1
  response:
    body:
      string: "<?xml version=\"1.0\"?><MediaContainer librarySectionID=\"home\" librarySectionTitle=\"Metadata\"
        offset=\"0\" totalSize=\"1\" identifier=\"tv.plex.provider.metadata\" size=\"1\"><Directory
        art=\"https://image.tmdb.org/t/p/original/vO3I7ZpSQIZXVeRfexxbvkqQjZE.jpg\"
        banner=\"https://artworks.thetvdb.com/banners/v4/series/400160/banners/62a26374cd99d.jpg\"
        guid=\"plex://show/621656cb3f91a0bf1bbdb41e\" key=\"/library/metadata/621656cb3f91a0bf1bbdb41e/children\"
        ratingKey=\"621656cb3f91a0bf1bbdb41e\" studio=\"HBO Latin America\" summary=\"Nadia
        and Mart\xEDn live in the historical &quot;Condesa&quot; in Mexico City. Both
        are artists and share their home with a stray dog, Amsterdam. Beautiful Mexican
        scenery and portrayal of life in one of the city&apos;s most popular and artistic
        areas.\" type=\"show\" thumb=\"https://image.tmdb.org/t/p/original/K7SQz8lDXvObNF86bDFlhiyuLZ.jpg\"
        addedAt=\"1647734400\" duration=\"2280000\" publicPagesURL=\"https://watch.plex.tv/show/amsterdam\"
        slug=\"amsterdam\" watchlistedAt=\"1725844815\" viewedLeafCount=\"0\" title=\"Amsterdam\"
        leafCount=\"10\" childCount=\"1\" contentRating=\"TV-MA\" originallyAvailableAt=\"2022-03-20\"
        year=\"2022\" audienceRating=\"6\" audienceRatingImage=\"rottentomatoes://image.rating.upright\"
        imdbRatingCount=\"386\"><Image alt=\"Amsterdam\" type=\"background\" url=\"https://image.tmdb.org/t/p/original/vO3I7ZpSQIZXVeRfexxbvkqQjZE.jpg\"/><Image
        alt=\"Amsterdam\" type=\"banner\" url=\"https://artworks.thetvdb.com/banners/v4/series/400160/banners/62a26374cd99d.jpg\"/><Image
        alt=\"Amsterdam\" type=\"clearLogo\" url=\"https://metadata-static.plex.tv/e/683a142553/ed1efd2c83a26984b91c8bf5915bbbfd.png\"/><Image
        alt=\"Amsterdam\" type=\"clearLogoWide\" url=\"https://metadata-static.plex.tv/e/683a142553/ed1efd2c83a26984b91c8bf5915bbbfd.png\"/><Image
        alt=\"Amsterdam\" type=\"coverArt\" url=\"https://image.tmdb.org/t/p/original/vDHB5f2F2v1EgfZCwySnK9DQIZ7.jpg\"/><Image
        alt=\"Amsterdam\" type=\"coverPoster\" url=\"https://image.tmdb.org/t/p/original/K7SQz8lDXvObNF86bDFlhiyuLZ.jpg\"/><Genre
        filter=\"genre=5d9c046c705e7a001e6c8d9a\" id=\"5d9c046c705e7a001e6c8d9a\"
        key=\"/library/sections/home/all?genre=5d9c046c705e7a001e6c8d9a\" ratingKey=\"genre_5d9c046c705e7a001e6c8d9a\"
        slug=\"drama\" tag=\"Drama\" directory=\"1\" context=\"tag.genre\"/><Genre
        filter=\"genre=5d9c046c705e7a001e6c8d99\" id=\"5d9c046c705e7a001e6c8d99\"
        key=\"/library/sections/home/all?genre=5d9c046c705e7a001e6c8d99\" ratingKey=\"genre_5d9c046c705e7a001e6c8d99\"
        slug=\"comedy\" tag=\"Comedy\" directory=\"1\" context=\"tag.genre\"/><Genre
        filter=\"genre=5d9c046c705e7a001e6c8d9b\" id=\"5d9c046c705e7a001e6c8d9b\"
        key=\"/library/sections/home/all?genre=5d9c046c705e7a001e6c8d9b\" ratingKey=\"genre_5d9c046c705e7a001e6c8d9b\"
        slug=\"romance\" tag=\"Romance\" directory=\"1\" context=\"tag.genre\"/><Guid
        id=\"imdb://tt18814244\"/><Guid id=\"tmdb://158336\"/><Guid id=\"tvdb://400160\"/><Rating
        image=\"imdb://image.rating\" type=\"audience\" value=\"7.1\"/><Rating image=\"rottentomatoes://image.rating.upright\"
        type=\"audience\" value=\"6\"/><Rating image=\"themoviedb://image.rating\"
        type=\"audience\" value=\"4.2\"/><Country tag=\"Mexico\"/><Role key=\"/library/sections/home/all?actor=63209228ca2e5616ff4ce5bf&amp;type=99&amp;availabilityType=free\"
        id=\"63209228ca2e5616ff4ce5bf\" order=\"1\" slug=\"sebastian-buitron-2\" tag=\"Sebasti\xE1n
        Buitr\xF3n\" role=\"Mart\xEDn\" directory=\"1\"/><Role key=\"/library/sections/home/all?actor=5d7769aa23d5a3001f4facfc&amp;type=99&amp;availabilityType=free\"
        id=\"5d7769aa23d5a3001f4facfc\" order=\"2\" slug=\"naian-gonzalez-norvind\"
        tag=\"Naian Gonz\xE1lez Norvind\" thumb=\"https://metadata-static.plex.tv/0/people/06f5f46503da3ad32f1f86ce5f06d020.jpg\"
        role=\"Nadia\" directory=\"1\"/><Role key=\"/library/sections/home/all?actor=5d776aed7a53e9001e713ce9&amp;type=99&amp;availabilityType=free\"
        id=\"5d776aed7a53e9001e713ce9\" order=\"3\" slug=\"maria-evoli\" tag=\"Mar\xEDa
        Evoli\" thumb=\"https://metadata-static.plex.tv/b/people/b93d880733718bd43d27750ba7433440.jpg\"
        role=\"Laura\" directory=\"1\"/><Role key=\"/library/sections/home/all?actor=5d776a46fb0d55001f54072f&amp;type=99&amp;availabilityType=free\"
        id=\"5d776a46fb0d55001f54072f\" order=\"4\" slug=\"danae-reynaud\" tag=\"Danae
        Reynaud\" thumb=\"https://metadata-static.plex.tv/people/5d776a46fb0d55001f54072f.jpg\"
        role=\"Violeta\" directory=\"1\"/><Role key=\"/library/sections/home/all?actor=5d776ad351dd69001fe28d4c&amp;type=99&amp;availabilityType=free\"
        id=\"5d776ad351dd69001fe28d4c\" order=\"5\" slug=\"marcelo-subiotto\" tag=\"Marcelo
        Subiotto\" thumb=\"https://metadata-static.plex.tv/people/5d776ad351dd69001fe28d4c.jpg\"
        role=\"L\xF3pez\" directory=\"1\"/><Role key=\"/library/sections/home/all?actor=5d776a4d23d5a3001f502eec&amp;type=99&amp;availabilityType=free\"
        id=\"5d776a4d23d5a3001f502eec\" order=\"6\" slug=\"sebastian-aguirre\" tag=\"Sebasti\xE1n
        Aguirre\" thumb=\"https://metadata-static.plex.tv/c/people/c3e055ecc3ebd01504d9032a7794d1af.jpg\"
        role=\"Andy\" directory=\"1\"/><Role key=\"/library/sections/home/all?actor=5d7768b9594b2b001e693e9f&amp;type=99&amp;availabilityType=free\"
        id=\"5d7768b9594b2b001e693e9f\" order=\"7\" slug=\"martha-cristiana\" tag=\"Martha
        Cristiana Merino\" thumb=\"https://metadata-static.plex.tv/people/5d7768b9594b2b001e693e9f.jpg\"
        role=\"Virginia\" directory=\"1\"/><Role key=\"/library/sections/home/all?actor=5e23e65ca85af200409e463c&amp;type=99&amp;availabilityType=free\"
        id=\"5e23e65ca85af200409e463c\" order=\"8\" slug=\"pierre-louis-2\" tag=\"Pierre
        Louis\" thumb=\"https://metadata-static.plex.tv/people/5e23e65ca85af200409e463c.jpg\"
        role=\"Antonio\" directory=\"1\"/><Role key=\"/library/sections/home/all?actor=5d7769c296b655001fdd86cf&amp;type=99&amp;availabilityType=free\"
        id=\"5d7769c296b655001fdd86cf\" order=\"9\" slug=\"ximena-gonzalez-rubio\"
        tag=\"Ximena Rubio\" thumb=\"https://metadata-static.plex.tv/b/people/beda148039e3fbb3c8009400e44a5fbc.jpg\"
        role=\"Lola\" directory=\"1\"/><Role key=\"/library/sections/home/all?actor=5d776b8747dd6e001f6e040b&amp;type=99&amp;availabilityType=free\"
        id=\"5d776b8747dd6e001f6e040b\" order=\"10\" slug=\"begona-narvaez\" tag=\"Bego\xF1a
        Narv\xE1ez\" thumb=\"https://metadata-static.plex.tv/a/people/a9dbddfc6b0de05747726ea2fd629093.jpg\"
        role=\"Paty\" directory=\"1\"/><Role key=\"/library/sections/home/all?actor=5f85d45f7209590041c559b1&amp;type=99&amp;availabilityType=free\"
        id=\"5f85d45f7209590041c559b1\" order=\"11\" slug=\"pia-watson-3\" tag=\"Pia
        Watson\" role=\"Caro\" directory=\"1\"/><Role key=\"/library/sections/home/all?actor=5d776aad47dd6e001f6d5d45&amp;type=99&amp;availabilityType=free\"
        id=\"5d776aad47dd6e001f6d5d45\" order=\"12\" slug=\"hoze-melendez\" tag=\"Hoze
        Mel\xE9ndez\" thumb=\"https://metadata-static.plex.tv/9/people/98d875fc025dc3a1005086436ec3cd39.jpg\"
        role=\"Cherny\" directory=\"1\"/><Director key=\"/library/sections/home/all?director=5d7768bb33f255001e85e232&amp;type=99&amp;availabilityType=free\"
        id=\"5d7768bb33f255001e85e232\" slug=\"gustavo-taretto\" tag=\"Gustavo Taretto\"
        thumb=\"https://metadata-static.plex.tv/f/people/f5b34eb48a445ff59f92baa82829a967.jpg\"
        role=\"Director\" directory=\"1\"/><Producer key=\"/library/sections/home/all?producer=5d7768bb33f255001e85e233&amp;type=99&amp;availabilityType=free\"
        id=\"5d7768bb33f255001e85e233\" slug=\"natacha-cervi\" tag=\"Natacha Cervi\"
        role=\"Executive Producer\" directory=\"1\"/><Producer key=\"/library/sections/home/all?producer=5d77706acfbb56001fb88993&amp;type=99&amp;availabilityType=free\"
        id=\"5d77706acfbb56001fb88993\" slug=\"luis-peraza\" tag=\"Luis Peraza\" role=\"Executive
        Producer\" directory=\"1\"/><Producer key=\"/library/sections/home/all?producer=5d776f0696b655001fe7bc23&amp;type=99&amp;availabilityType=free\"
        id=\"5d776f0696b655001fe7bc23\" slug=\"sandino-saravia\" tag=\"Sandino Saravia\"
        role=\"Executive Producer\" directory=\"1\"/><Producer key=\"/library/sections/home/all?producer=5d77706acfbb56001fb8898e&amp;type=99&amp;availabilityType=free\"
        id=\"5d77706acfbb56001fb8898e\" slug=\"paul-drago-2\" tag=\"Paul Drago\" role=\"Executive
        Producer\" directory=\"1\"/><Producer key=\"/library/sections/home/all?producer=5e16401e2d4d84003e49a8d4&amp;type=99&amp;availabilityType=free\"
        id=\"5e16401e2d4d84003e49a8d4\" slug=\"gabriela-remirez-de-estenoz-2\" tag=\"Gabriela
        Remirez de Estenoz\" role=\"Executive Producer\" directory=\"1\"/><Writer
        key=\"/library/sections/home/all?writer=5d7768bb33f255001e85e232&amp;type=99&amp;availabilityType=free\"
        id=\"5d7768bb33f255001e85e232\" slug=\"gustavo-taretto\" tag=\"Gustavo Taretto\"
        thumb=\"https://metadata-static.plex.tv/f/people/f5b34eb48a445ff59f92baa82829a967.jpg\"
        role=\"Writer\" directory=\"1\"/><Network tag=\"HBO Latin America\"/><SeasonType
        id=\"tmdbAiring\" source=\"tmdb\" tag=\"Aired\" title=\"The Movie Database
        (Aired)\"/><SeasonType id=\"tvdbAiring\" source=\"tvdb\" tag=\"Aired\" title=\"TheTVDB
        (Aired)\"/><SeasonType id=\"tvdbDvd\" source=\"tvdb\" tag=\"DVD\" title=\"TheTVDB
        (DVD)\"/><SeasonType id=\"tvdbAbsolute\" source=\"tvdb\" tag=\"Absolute\"
        title=\"TheTVDB (Absolute)\"/><Similar guid=\"plex://show/5f3a40f5a8dbb60042a37d70\"
        tag=\"Pokemon Get \u2606 TV\"/><Similar guid=\"plex://show/5d9c089c3c3f87001f353a4c\"
        tag=\"A Duck&apos;s Life\"/><Similar guid=\"plex://show/615f11ce82f4a6c27387a21b\"
        tag=\"BKM Mutfak Stand\u2010Up\"/><Similar guid=\"plex://show/655149c53fe0e3567a331be5\"
        tag=\"Northern Lights\"/><Similar guid=\"plex://show/667550581263debf1a425cf8\"
        tag=\"\u041C\u0430\u0442\u0440\u0451\u0448\u043A\u0430\"/><Similar guid=\"plex://show/5d9c0821e264b7001fc3cccc\"
        tag=\"Boku no ikiru michi\"/><Similar guid=\"plex://show/5d9c08217b5c2e001e6552ec\"
        tag=\"Jackie, Ethel, Joan: The Women of Camelot\"/><Similar guid=\"plex://show/606ee9bb395d54002cf7bdb5\"
        tag=\"AWA All\u2010Star Wrestling\"/><Similar guid=\"plex://show/5e1621dcc176f9003fa4b147\"
        tag=\"I Hate Suzie\"/><Studio tag=\"HBO Latin America\"/><Studio tag=\"Cimarr\xF3n
        Cine\"/><Summary size=\"250\" tag=\"Nadia and Mart\xEDn live in the historical
        &quot;Condesa&quot; in Mexico City. Both are artists and share their home
        with a stray dog, Amsterdam. Beautiful Mexican scenery and portrayal of life
        in one of the city&apos;s most popular and artistic areas.\" type=\"default\"/></Directory></MediaContainer>"
    headers:
      Access-Control-Allow-Origin:
      - '*'
      CF-Cache-Status:
      - BYPASS
      CF-RAY:
      - 8c035b26cbc83b59-IAD
      Cache-Control:
      - no-store
      Connection:
      - keep-alive
      Content-Encoding:
      - gzip
      Content-Type:
      - application/xml; charset=utf-8
      Cross-Origin-Resource-Policy:
      - cross-origin
      Date:
      - Mon, 09 Sep 2024 01:20:29 GMT
      ETag:
      - W/"2628-tBelUq5MgyNXcbJSgEIPUWlxDxs"
      Origin-Agent-Cluster:
      - ?1
      Referrer-Policy:
      - no-referrer
      Server:
      - cloudflare
      Strict-Transport-Security:
      - max-age=31536000; includeSubDomains; preload
      Transfer-Encoding:
      - chunked
      Vary:
      - Accept-Encoding
      X-Content-Type-Options:
      - nosniff
      X-DNS-Prefetch-Control:
      - 'off'
      X-Download-Options:
      - noopen
      X-Frame-Options:
      - SAMEORIGIN
      X-Permitted-Cross-Domain-Policies:
      - none
      X-Plex-Container-Start:
      - '0'
      X-Plex-Container-Total-Size:
      - '1'
      X-Plex-Timestamp:
      - '1725844829'
      X-Plex-Version:
      - 1f408f258867ac3b5038210fc4360453a7f61825
      X-XSS-Protection:
      - 1; mode=block
    status:
      code: 200
      message: OK
version: 1
